Microchip Technology Inc, v2.00 (B)

Tool Name:
  c:\program files\microchip\xc16\v2.00\bin\bin\..\bin/elf-ld.exe

Command:
  -p30F4011 \
  --mdfp=C:/Program Files/Microchip/MPLABX/v6.00/packs/Microchip/dsPIC30F_DFP/1.4.104/xc16 \
  -o \
  dist/default/production/FinalProject.X.production.elf \
  -Lc:/program files/microchip/xc16/v2.00/bin/bin/.. \
  -LC:/Program Files/Microchip/MPLABX/v6.00/packs/Microchip/dsPIC30F_DFP/1.4.104/xc16/bin/../support/dsPIC30F/gld \
  -Lc:/program files/microchip/xc16/v2.00/bin/bin/../../lib \
  -Lc:/program files/microchip/xc16/v2.00/bin/bin/../../support/PIC24E/gld \
  -Lc:/program files/microchip/xc16/v2.00/bin/bin/../../support/PIC24F/gld \
  -Lc:/program files/microchip/xc16/v2.00/bin/bin/../../support/PIC24H/gld \
  -Lc:/program files/microchip/xc16/v2.00/bin/bin/../../support/dsPIC30F/gld \
  -Lc:/program files/microchip/xc16/v2.00/bin/bin/../../support/dsPIC33C/gld \
  -Lc:/program files/microchip/xc16/v2.00/bin/bin/../../support/dsPIC33E/gld \
  -Lc:/program files/microchip/xc16/v2.00/bin/bin/../../support/dsPIC33F/gld \
  build/default/production/circular_buffer.o \
  build/default/production/parser.o \
  build/default/production/spi.o \
  build/default/production/timer.o \
  build/default/production/main.o \
  build/default/production/adc.o \
  build/default/production/interrupt.o \
  build/default/production/pwm.o \
  build/default/production/scheduler.o \
  build/default/production/task1.o \
  build/default/production/task2.o \
  build/default/production/task3.o \
  build/default/production/task4.o \
  build/default/production/task5.o \
  build/default/production/task6.o \
  build/default/production/temperature_buffer.o \
  build/default/production/uart.o \
  --defsym=__MPLAB_BUILD=1 \
  -Tp30F4011.gld.00 \
  --stack=16 \
  --check-sections \
  --data-init \
  --pack-data \
  --handles \
  --isr \
  --no-gc-sections \
  --fill-upper=0 \
  --stackguard=16 \
  --no-force-link \
  --smart-io \
  -Map=dist/default/production/FinalProject.X.production.map \
  --report-mem \
  --memorysummary \
  dist/default/production/memoryfile.xml \
  -start-group \
  --library=c99-pic30-elf \
  --library=m-elf \
  --library=c99-elf \
  -end-group \


Optional library libp30F4011.a not found
Archive member included because of file (symbol)

c:/program files/microchip/xc16/v2.00/bin/bin/../../lib\libc99-pic30-elf.a(crt0_standard.o)
                              (__resetPRI)
c:/program files/microchip/xc16/v2.00/bin/bin/../../lib\libc99-pic30-elf.a(data_init_standard.o)
                              c:/program files/microchip/xc16/v2.00/bin/bin/../../lib\libc99-pic30-elf.a(crt0_standard.o) (__data_init_standard)
c:/program files/microchip/xc16/v2.00/bin/bin/../../lib\libc99-pic30-elf.a(crt_start_mode_normal.Meo)
                              (__crt_start_mode_normal)
c:/program files/microchip/xc16/v2.00/bin/bin/../../lib\libc99-pic30-elf.a(feqltle.XX_o)
                              build/default/production/pwm.o (___ltsf2)
c:/program files/microchip/xc16/v2.00/bin/bin/../../lib\libc99-pic30-elf.a(fgtge.XX_o)
                              build/default/production/pwm.o (___gtsf2)
c:/program files/microchip/xc16/v2.00/bin/bin/../../lib\libc99-pic30-elf.a(fixunssfsi.XX_o)
                              build/default/production/pwm.o (___fixunssfsi)
c:/program files/microchip/xc16/v2.00/bin/bin/../../lib\libc99-pic30-elf.a(floatsisf.XX_o)
                              build/default/production/task2.o (___floatsisf)
c:/program files/microchip/xc16/v2.00/bin/bin/../../lib\libc99-pic30-elf.a(floatunsisf.XX_o)
                              build/default/production/pwm.o (___floatunsisf)
c:/program files/microchip/xc16/v2.00/bin/bin/../../lib\libc99-pic30-elf.a(funpack.XX_o)
                              c:/program files/microchip/xc16/v2.00/bin/bin/../../lib\libc99-pic30-elf.a(fixunssfsi.XX_o) (__funpack)
c:/program files/microchip/xc16/v2.00/bin/bin/../../lib\libc99-pic30-elf.a(addsf3x.XX_o)
                              build/default/production/pwm.o (___subsf3)
c:/program files/microchip/xc16/v2.00/bin/bin/../../lib\libc99-pic30-elf.a(divsf3x.XX_o)
                              build/default/production/pwm.o (___divsf3)
c:/program files/microchip/xc16/v2.00/bin/bin/../../lib\libc99-pic30-elf.a(mulsf3x.XX_o)
                              build/default/production/pwm.o (___mulsf3)
c:/program files/microchip/xc16/v2.00/bin/bin/../../lib\libc99-pic30-elf.a(dnrmpackfx.XX_o)
                              c:/program files/microchip/xc16/v2.00/bin/bin/../../lib\libc99-pic30-elf.a(addsf3x.XX_o) (__dnrmpackf)
c:/program files/microchip/xc16/v2.00/bin/bin/../../lib\libc99-pic30-elf.a(unpackdnrmfx.XX_o)
                              c:/program files/microchip/xc16/v2.00/bin/bin/../../lib\libc99-pic30-elf.a(mulsf3x.XX_o) (__unpackdnrmf)
[...]
Memory Configuration

Name             Origin             Length             Attributes
data             0x000800           0x000800           a !xr
reset            0x000000           0x000004  
ivt              0x000004           0x00007c  
_reserved        0x000080           0x000004  
aivt             0x000084           0x00007c  
program          0x000100           0x007f00           xr
eedata           0x7ffc00           0x000400  
FUID0            0x8005c0           0x000002  
FUID1            0x8005c2           0x000002  
FUID2            0x8005c4           0x000002  
FUID3            0x8005c6           0x000002  
FOSC             0xf80000           0x000002  
FWDT             0xf80002           0x000002  
FBORPOR          0xf80004           0x000002  
RESERVED1        0xf80006           0x000002  
RESERVED2        0xf80008           0x000002  
FGS              0xf8000a           0x000002  
FICD             0xf8000c           0x000002  
*default*        0x000000           0xffffffff  

Linker script and memory map

LOAD build/default/production/circular_buffer.o
LOAD build/default/production/parser.o
LOAD build/default/production/spi.o
LOAD build/default/production/timer.o
LOAD build/default/production/main.o
LOAD build/default/production/adc.o
LOAD build/default/production/interrupt.o
LOAD build/default/production/pwm.o
LOAD build/default/production/scheduler.o
LOAD build/default/production/task1.o
LOAD build/default/production/task2.o
LOAD build/default/production/task3.o
LOAD build/default/production/task4.o
LOAD build/default/production/task5.o
LOAD build/default/production/task6.o
LOAD build/default/production/temperature_buffer.o
LOAD build/default/production/uart.o
                    0x0001                  __MPLAB_BUILD = 0x1
LOAD p30F4011
LOAD c:/program files/microchip/xc16/v2.00/bin/bin/../../lib\libfx-elf.a
                    0x8005c0                  __FUID0 = 0x8005c0
                    0x8005c2                  __FUID1 = 0x8005c2
                    0x8005c4                  __FUID2 = 0x8005c4
                    0x8005c6                  __FUID3 = 0x8005c6
                    0xf80000                  __FOSC = 0xf80000
                    0xf80002                  __FWDT = 0xf80002
                    0xf80004                  __FBORPOR = 0xf80004
                    0xf80006                  __RESERVED1 = 0xf80006
                    0xf80008                  __RESERVED2 = 0xf80008
                    0xf8000a                  __FGS = 0xf8000a
                    0xf8000c                  __FICD = 0xf8000c
                    0x0001                  __NO_HANDLES = 0x1
                    0x0100                  __CODE_BASE = 0x100
                    0x7f00                  __CODE_LENGTH = 0x7f00
                    0x0004                  __IVT_BASE = 0x4
                    0x0084                  __AIVT_BASE = 0x84
                    0x0800                  __DATA_BASE = 0x800
                    0x0800                  __DATA_LENGTH = 0x800
                    0x0c00                  __YDATA_BASE = 0xc00

.reset            0x000000          0x4
                  0x000000          0x2 SHORT 0x100 ABSOLUTE (__reset)
                  0x000001          0x2 SHORT 0x4
                  0x000002          0x2 SHORT 0x0 ((ABSOLUTE (__reset) >> 0x10) & 0x7f)
                  0x000003          0x2 SHORT 0x0

.text             0x000100       0x4d74
 *(.init)
 .init            0x000100         0x4c c:/program files/microchip/xc16/v2.00/bin/bin/../../lib\libc99-pic30-elf.a(crt0_standard.o)
                  0x000100                  __resetPRI
                  0x000100                  __reset
                  0x00013c                  __psv_init
 .init            0x00014c         0x7c c:/program files/microchip/xc16/v2.00/bin/bin/../../lib\libc99-pic30-elf.a(data_init_standard.o)
                  0x000152                  __data_init_standard
                  0x000152                  __data_init
 *(.user_init)
 *(.handle)
 *(.isr*)
 .isr.text        0x0001e8        0x104 build/default/production/interrupt.o
                  0x0001e8                  __INT0Interrupt
                  0x000204                  __INT1Interrupt
                  0x000232                  __T2Interrupt
                  0x00024e                  __T3Interrupt
                  0x00027c                  __U2RXInterrupt
                  0x0002b2                  __U2TXInterrupt
 .isr             0x0002ec          0x4 default_isr
                  0x0002ec                  __DefaultInterrupt
 *(.libc)
 .libc            0x0002f0         0x8e c:/program files/microchip/xc16/v2.00/bin/bin/../../lib\libc99-pic30-elf.a(read.Meo)
                  0x0002f0                  _read
 .libc            0x00037e         0x1e c:/program files/microchip/xc16/v2.00/bin/bin/../../lib\libc99-pic30-elf.a(lseek.Meo)
                  0x00037e                  _lseek
 .libc            0x00039c         0x18 c:/program files/microchip/xc16/v2.00/bin/bin/../../lib\libc99-pic30-elf.a(close.Meo)
                  0x00039c                  _close
 .libc            0x0003b4         0x8a c:/program files/microchip/xc16/v2.00/bin/bin/../../lib\libc99-pic30-elf.a(write.Meo)
                  0x0003b4                  _write
 .libc            0x00043e         0x2a c:/program files/microchip/xc16/v2.00/bin/bin/../../lib\libc99-pic30-elf.a(sbrk.Meo)
                  0x00043e                  _sbrk
 .libc            0x000468         0x1a c:/program files/microchip/xc16/v2.00/bin/bin/../../lib\libc99-pic30-elf.a(brk.Meo)
                  0x000468                  _brk
 *(.libm)
 *(.libdsp)
 *(.lib*)
 .libpic30_crt_start_mode
                  0x000482          0x2 c:/program files/microchip/xc16/v2.00/bin/bin/../../lib\libc99-pic30-elf.a(crt_start_mode_normal.Meo)
                  0x000482                  __crt_start_mode
                  0x000482                  __crt_start_mode_normal
 .libm.eqsf2      0x000484          0x4 c:/program files/microchip/xc16/v2.00/bin/bin/../../lib\libc99-pic30-elf.a(feqltle.XX_o)
                  0x000484                  ___eqsf2
                  0x000484                  ___ltsf2
                  0x000484                  ___lesf2
 .libm.gtsf2      0x000488          0x4 c:/program files/microchip/xc16/v2.00/bin/bin/../../lib\libc99-pic30-elf.a(fgtge.XX_o)
                  0x000488                  ___gesf2
                  0x000488                  ___gtsf2
 .libm.fixunssfsi
                  0x00048c         0x36 c:/program files/microchip/xc16/v2.00/bin/bin/../../lib\libc99-pic30-elf.a(fixunssfsi.XX_o)
                  0x00048c                  ___fixunssfsi
 .libm.floatsisf
                  0x0004c2          0x6 c:/program files/microchip/xc16/v2.00/bin/bin/../../lib\libc99-pic30-elf.a(floatsisf.XX_o)
                  0x0004c2                  ___floatsisf
 .libm.floatunsisf
                  0x0004c8          0x4 c:/program files/microchip/xc16/v2.00/bin/bin/../../lib\libc99-pic30-elf.a(floatunsisf.XX_o)
                  0x0004c8                  ___floatunsisf
 .libm.funpack    0x0004cc         0x2a c:/program files/microchip/xc16/v2.00/bin/bin/../../lib\libc99-pic30-elf.a(funpack.XX_o)
                  0x0004cc                  __funpack
 .libmx           0x0004f6        0x1dc c:/program files/microchip/xc16/v2.00/bin/bin/../../lib\libc99-pic30-elf.a(addsf3x.XX_o)
                  0x0004f6                  ___subsf3x
                  0x0004f6                  ___subsf3
                  0x000508                  ___addsf3x
                  0x000508                  ___addsf3
 .libmx           0x0006d2        0x1be c:/program files/microchip/xc16/v2.00/bin/bin/../../lib\libc99-pic30-elf.a(divsf3x.XX_o)
                  0x0006d2                  ___divsf3x
                  0x0006d2                  ___divsf3
                  0x000864                  __sdivf
 .libmx           0x000890        0x10c c:/program files/microchip/xc16/v2.00/bin/bin/../../lib\libc99-pic30-elf.a(mulsf3x.XX_o)
                  0x000890                  ___mulsf3x
                  0x000890                  ___mulsf3
 .libmx           0x00099c         0x54 c:/program files/microchip/xc16/v2.00/bin/bin/../../lib\libc99-pic30-elf.a(dnrmpackfx.XX_o)
                  0x00099c                  __dnrmpackf
 .libmx           0x0009f0         0x5e c:/program files/microchip/xc16/v2.00/bin/bin/../../lib\libc99-pic30-elf.a(unpackdnrmfx.XX_o)
                  0x0009f0                  __unpackdnrmf
 .libmx           0x000a4e         0x34 c:/program files/microchip/xc16/v2.00/bin/bin/../../lib\libc99-pic30-elf.a(typefx.XX_o)
                  0x000a4e                  __typef
 .libmx           0x000a82         0x12 c:/program files/microchip/xc16/v2.00/bin/bin/../../lib\libc99-pic30-elf.a(propnanfx.XX_o)
                  0x000a82                  __propnanf
 .libmx           0x000a94         0xa6 c:/program files/microchip/xc16/v2.00/bin/bin/../../lib\libc99-pic30-elf.a(spackfx.XX_o)
                  0x000a94                  __spackf
 .libmx           0x000b3a         0x66 c:/program files/microchip/xc16/v2.00/bin/bin/../../lib\libc99-pic30-elf.a(unpackfx.XX_o)
                  0x000b3a                  __unpackf
 .libm.fcompare
                  0x000ba0         0x36 c:/program files/microchip/xc16/v2.00/bin/bin/../../lib\libc99-pic30-elf.a(fcompare.XX_o)
                  0x000ba0                  __fcompare
 .libm.floatdisf
                  0x000bd6         0x20 c:/program files/microchip/xc16/v2.00/bin/bin/../../lib\libc99-pic30-elf.a(floatdisf.XX_o)
                  0x000bd6                  ___floatdisf
 .libm.floatundisf
                  0x000bf6         0x5e c:/program files/microchip/xc16/v2.00/bin/bin/../../lib\libc99-pic30-elf.a(floatundisf.XX_o)
                  0x000bf6                  ___floatundisf
 .libm.fpack      0x000c54         0x4c c:/program files/microchip/xc16/v2.00/bin/bin/../../lib\libc99-pic30-elf.a(fpack.XX_o)
                  0x000c54                  __fpack
 .libm.funpack2
                  0x000ca0         0x10 c:/program files/microchip/xc16/v2.00/bin/bin/../../lib\libc99-pic30-elf.a(funpack2.XX_o)
                  0x000ca0                  __funpack2
 .libc.strlen     0x000cb0         0x30 c:/program files/microchip/xc16/v2.00/bin/bin/../../lib\libc99-elf.a(strlen.XX_o)
                  0x000cb0                  _strlen
 .libc.__wrap_sprintf
                  0x000ce0          0xc c:/program files/microchip/xc16/v2.00/bin/bin/../../lib\libc99-elf.a(__sio_sprintf_dfoux.XX_o)
                  0x000ce0                  __dsprintf_cdeEgGnopuxX
                  0x000ce0                  __sprintf_cdeEgGnopuxX
                  0x000ce0                  __sprintf_cdfFnopuxX
                  0x000ce0                  __dsprintf_cdgGnopuxX
                  0x000ce0                  __dsprintf_cdeEfFnopuxX
                  0x000ce0                  __dsprintf_cdeEfFgGnopuxX
                  0x000ce0                  __dsprintf_cdeEnopuxX
                  0x000ce0                  __sprintf_cdeEnopuxX
                  0x000ce0                  __dsprintf_cdfFgGnopuxX
                  0x000ce0                  __sprintf_cdfFgGnopuxX
                  0x000ce0                  __sprintf_cdeEfFgGnopuxX
                  0x000ce0                  __dsprintf_cdfFnopuxX
                  0x000ce0                  __sprintf_cdgGnopuxX
                  0x000ce0                  __sprintf_cdeEfFnopuxX
 .libc.__sio_sprintf_dfoux
                  0x000cec          0xc c:/program files/microchip/xc16/v2.00/bin/bin/../../lib\libc99-elf.a(__sio_sprintf_dfoux.XX_o)
                  0x000cec                  ___sio_sprintf_dfoux
 .libc.__fmt_d    0x000cf8         0xb2 c:/program files/microchip/xc16/v2.00/bin/bin/../../lib\libc99-elf.a(__fmt_d.XX_o)
                  0x000cf8                  ___fmt_d
                  0x000cf8                  ___fmt_d_needed
 .libc.__LONG_DOUBLE_BITS
                  0x000daa          0x2 c:/program files/microchip/xc16/v2.00/bin/bin/../../lib\libc99-elf.a(__fmt_fp.XX_o)
 .libc.__fmt_fp
                  0x000dac        0x544 c:/program files/microchip/xc16/v2.00/bin/bin/../../lib\libc99-elf.a(__fmt_fp.XX_o)
                  0x000dac                  ___fmt_f_needed
                  0x000dac                  ___fmt_fp
 .libc.__fmt_o    0x0012f0         0x6a c:/program files/microchip/xc16/v2.00/bin/bin/../../lib\libc99-elf.a(__fmt_o.XX_o)
                  0x0012f0                  ___fmt_o
                  0x0012f0                  ___fmt_o_needed
 .libc.__fmt_s    0x00135a         0x54 c:/program files/microchip/xc16/v2.00/bin/bin/../../lib\libc99-elf.a(__fmt_s.XX_o)
                  0x00135a                  ___fmt_0_needed
                  0x00135a                  ___fmt_s_needed
                  0x00135a                  ___fmt_s
 .libc.__cvt_u    0x0013ae         0xa4 c:/program files/microchip/xc16/v2.00/bin/bin/../../lib\libc99-elf.a(__fmt_u.XX_o)
                  0x0013ae                  ___cvt_u
 .libc.__fmt_u    0x001452         0x52 c:/program files/microchip/xc16/v2.00/bin/bin/../../lib\libc99-elf.a(__fmt_u.XX_o)
                  0x001452                  ___fmt_u
                  0x001452                  ___fmt_u_needed
 .libc.__fmt_x    0x0014a4        0x14a c:/program files/microchip/xc16/v2.00/bin/bin/../../lib\libc99-elf.a(__fmt_x.XX_o)
                  0x0014a4                  ___fmt_x_needed
                  0x0014a4                  ___fmt_x
 .libc.__vsprintf
                  0x0015ee          0x8 c:/program files/microchip/xc16/v2.00/bin/bin/../../lib\libc99-elf.a(__int_vsprintf.XX_o)
                  0x0015ee                  ___vsprintf
 .libc.__string_out
                  0x0015f6         0x28 c:/program files/microchip/xc16/v2.00/bin/bin/../../lib\libc99-elf.a(__printf_core.XX_o)
 .libc.__pad      0x00161e         0x74 c:/program files/microchip/xc16/v2.00/bin/bin/../../lib\libc99-elf.a(__printf_core.XX_o)
                  0x00161e                  ___pad
 .libc.__dummy_fmt3
                  0x001692          0x2 c:/program files/microchip/xc16/v2.00/bin/bin/../../lib\libc99-elf.a(__printf_core.XX_o)
 .libc.__dummy_fmt4
                  0x001694          0x2 c:/program files/microchip/xc16/v2.00/bin/bin/../../lib\libc99-elf.a(__printf_core.XX_o)
                  0x001694                  ___fmt_a
 .libc.__dummy_fmts
                  0x001696          0x2 c:/program files/microchip/xc16/v2.00/bin/bin/../../lib\libc99-elf.a(__printf_core.XX_o)
 .libc.__fmt_state
                  0x001698         0x2c c:/program files/microchip/xc16/v2.00/bin/bin/../../lib\libc99-elf.a(__printf_core.XX_o)
                  0x001698                  ___fmt_state
 .libc.vfpfcnvrt.clone.0
                  0x0016c4        0x2c0 c:/program files/microchip/xc16/v2.00/bin/bin/../../lib\libc99-elf.a(__printf_core.XX_o)
 .libc.__printf_core
                  0x001984         0x40 c:/program files/microchip/xc16/v2.00/bin/bin/../../lib\libc99-elf.a(__printf_core.XX_o)
                  0x001984                  ___printf_core
 .libc.memcpy     0x0019c4          0xe c:/program files/microchip/xc16/v2.00/bin/bin/../../lib\libc99-elf.a(memcpy.XX_o)
                  0x0019c4                  _memcpy
 .libc.memset     0x0019d2         0xc6 c:/program files/microchip/xc16/v2.00/bin/bin/../../lib\libc99-elf.a(memset.XX_o)
                  0x0019d2                  _memset
 .libc.__vsnprintf
                  0x001a98         0x4a c:/program files/microchip/xc16/v2.00/bin/bin/../../lib\libc99-elf.a(__int_vsnprintf.XX_o)
                  0x001a98                  ___vsnprintf
 .libc.__vfprintf
                  0x001ae2         0x1c c:/program files/microchip/xc16/v2.00/bin/bin/../../lib\libc99-elf.a(__int_vfprintf.XX_o)
                  0x001ae2                  ___vfprintf
 .libc.__wrap_sprintf
                  0x001afe          0xc c:/program files/microchip/xc16/v2.00/bin/bin/../../lib\libc99-elf.a(__sio_sprintf_f.XX_o)
                  0x001afe                  __dsprintf_eEfF
                  0x001afe                  __sprintf_eEfFgG
                  0x001afe                  __dsprintf_eEfFgG
                  0x001afe                  __sprintf_fF
                  0x001afe                  __sprintf_eEfF
                  0x001afe                  __dsprintf_gG
                  0x001afe                  __dsprintf_eEgG
                  0x001afe                  __sprintf_gG
                  0x001afe                  __dsprintf_fF
                  0x001afe                  __dsprintf_eE
                  0x001afe                  __sprintf_fFgG
                  0x001afe                  __sprintf_eEgG
                  0x001afe                  __sprintf_eE
                  0x001afe                  __dsprintf_fFgG
 .libc.__sio_sprintf_f
                  0x001b0a          0x2 c:/program files/microchip/xc16/v2.00/bin/bin/../../lib\libc99-elf.a(__sio_sprintf_f.XX_o)
                  0x001b0a                  ___sio_sprintf_f
 .libc.__wrap_sscanf
                  0x001b0c          0xc c:/program files/microchip/xc16/v2.00/bin/bin/../../lib\libc99-elf.a(__sio_sscanf_f.XX_o)
                  0x001b0c                  __dsscanf_fFgG
                  0x001b0c                  __dsscanf_fF
                  0x001b0c                  __sscanf_fFgG
                  0x001b0c                  __sscanf_fF
                  0x001b0c                  __dsscanf_eEfFgG
                  0x001b0c                  __dsscanf_eE
                  0x001b0c                  __sscanf_eEfF
                  0x001b0c                  __sscanf_eEfFgG
                  0x001b0c                  __dsscanf_eEfF
                  0x001b0c                  __dsscanf_gG
                  0x001b0c                  __dsscanf_eEgG
                  0x001b0c                  __sscanf_eEgG
                  0x001b0c                  __sscanf_eE
                  0x001b0c                  __sscanf_gG
 .libc.__sio_sscanf_f
                  0x001b18          0x2 c:/program files/microchip/xc16/v2.00/bin/bin/../../lib\libc99-elf.a(__sio_sscanf_f.XX_o)
                  0x001b18                  ___sio_sscanf_f
 .libc.do_read    0x001b1a          0x2 c:/program files/microchip/xc16/v2.00/bin/bin/../../lib\libc99-elf.a(__int_vsscanf.XX_o)
                  0x001b1a                  __int_vsscanf.XX_o:_do_read
 .libc.__vsscanf
                  0x001b1c         0x1c c:/program files/microchip/xc16/v2.00/bin/bin/../../lib\libc99-elf.a(__int_vsscanf.XX_o)
                  0x001b1c                  ___vsscanf
 .libc.is_inf_nan
                  0x001b38         0xa0 c:/program files/microchip/xc16/v2.00/bin/bin/../../lib\libc99-elf.a(__scan_fp.XX_o)
 .libc.__scan_fp
                  0x001bd8        0x18a c:/program files/microchip/xc16/v2.00/bin/bin/../../lib\libc99-elf.a(__scan_fp.XX_o)
                  0x001bd8                  ___scan_a_needed
                  0x001bd8                  ___scan_fp
                  0x001bd8                  ___scan_f_needed
 .libc.__isspace
                  0x001d62         0x14 c:/program files/microchip/xc16/v2.00/bin/bin/../../lib\libc99-elf.a(__scanf_core.XX_o)
 .libc.__skipws
                  0x001d76         0x3a c:/program files/microchip/xc16/v2.00/bin/bin/../../lib\libc99-elf.a(__scanf_core.XX_o)
                  0x001d76                  ___skipws
 .libc.__consumews
                  0x001db0         0x2c c:/program files/microchip/xc16/v2.00/bin/bin/../../lib\libc99-elf.a(__scanf_core.XX_o)
                  0x001db0                  ___consumews
 .libc.vfsfcnvrt.clone.0
                  0x001ddc        0x3a6 c:/program files/microchip/xc16/v2.00/bin/bin/../../lib\libc99-elf.a(__scanf_core.XX_o)
 .libc.__dummy_scan
                  0x002182          0x2 c:/program files/microchip/xc16/v2.00/bin/bin/../../lib\libc99-elf.a(__scanf_core.XX_o)
                  0x002182                  ___scan_x
                  0x002182                  ___scan_d
                  0x002182                  ___scan_i
                  0x002182                  ___scan_a
                  0x002182                  ___scan_o
                  0x002182                  ___scan_u
 .libc.__dummy_scan_s
                  0x002184          0x2 c:/program files/microchip/xc16/v2.00/bin/bin/../../lib\libc99-elf.a(__scanf_core.XX_o)
                  0x002184                  ___scan_s
 .libc.__scanf_core
                  0x002186         0x4e c:/program files/microchip/xc16/v2.00/bin/bin/../../lib\libc99-elf.a(__scanf_core.XX_o)
                  0x002186                  ___scanf_core
 .libc.__string_read
                  0x0021d4         0x44 c:/program files/microchip/xc16/v2.00/bin/bin/../../lib\libc99-elf.a(__string_read.XX_o)
                  0x0021d4                  ___string_read
 .libc.memchr     0x002218         0x60 c:/program files/microchip/xc16/v2.00/bin/bin/../../lib\libc99-elf.a(memchr.XX_o)
                  0x002218                  _memchr
 .libc.__shlim    0x002278         0x4a c:/program files/microchip/xc16/v2.00/bin/bin/../../lib\libc99-elf.a(shgetc.XX_o)
                  0x002278                  ___shlim
 .libc.__shgetc
                  0x0022c2        0x12a c:/program files/microchip/xc16/v2.00/bin/bin/../../lib\libc99-elf.a(shgetc.XX_o)
                  0x0022c2                  ___shgetc
 .libc.strtox     0x0023ec         0x58 c:/program files/microchip/xc16/v2.00/bin/bin/../../lib\libc99-elf.a(strtod.XX_o)
 .libc.strtof     0x002444          0x6 c:/program files/microchip/xc16/v2.00/bin/bin/../../lib\libc99-elf.a(strtod.XX_o)
                  0x002444                  ___strtof_l
                  0x002444                  _strtof
                  0x002444                  _strtof_l
 .libc.strtod     0x00244a          0x6 c:/program files/microchip/xc16/v2.00/bin/bin/../../lib\libc99-elf.a(strtod.XX_o)
                  0x00244a                  ___strtod_l
                  0x00244a                  _strtod
                  0x00244a                  _strtod_l
 .libc.strtold    0x002450          0x4 c:/program files/microchip/xc16/v2.00/bin/bin/../../lib\libc99-elf.a(strtod.XX_o)
                  0x002450                  _strtold_l
                  0x002450                  _strtold
                  0x002450                  ___strtold_l
 .libc.__vfscanf
                  0x002454         0x1c c:/program files/microchip/xc16/v2.00/bin/bin/../../lib\libc99-elf.a(__int_vfscanf.XX_o)
                  0x002454                  ___vfscanf
 .libc.__uflow    0x002470         0x2a c:/program files/microchip/xc16/v2.00/bin/bin/../../lib\libc99-elf.a(__uflow.XX_o)
                  0x002470                  ___uflow
 .libc.__isspace
                  0x00249a         0x14 c:/program files/microchip/xc16/v2.00/bin/bin/../../lib\libc99-elf.a(floatscan.XX_o)
 .libc.scanexp    0x0024ae        0x17a c:/program files/microchip/xc16/v2.00/bin/bin/../../lib\libc99-elf.a(floatscan.XX_o)
 .libc.hexfloat
                  0x002628        0x534 c:/program files/microchip/xc16/v2.00/bin/bin/../../lib\libc99-elf.a(floatscan.XX_o)
 .libc.decfloat
                  0x002b5c        0x904 c:/program files/microchip/xc16/v2.00/bin/bin/../../lib\libc99-elf.a(floatscan.XX_o)
 .libc.__floatscan
                  0x003460        0x22c c:/program files/microchip/xc16/v2.00/bin/bin/../../lib\libc99-elf.a(floatscan.XX_o)
                  0x003460                  ___floatscan
 .libc.__toread
                  0x00368c         0x50 c:/program files/microchip/xc16/v2.00/bin/bin/../../lib\libc99-elf.a(__toread.XX_o)
                  0x00368c                  ___toread
 .libc.__toread_needs_stdio_exit
                  0x0036dc          0x2 c:/program files/microchip/xc16/v2.00/bin/bin/../../lib\libc99-elf.a(__toread.XX_o)
                  0x0036dc                  ___toread_needs_stdio_exit
 .libc.__dummy    0x0036de          0x2 c:/program files/microchip/xc16/v2.00/bin/bin/../../lib\libc99-elf.a(__stdio_exit.XX_o)
                  0x0036de                  ___stdio_exit_ofl
 .libc.__dummy1
                  0x0036e0          0x2 c:/program files/microchip/xc16/v2.00/bin/bin/../../lib\libc99-elf.a(__stdio_exit.XX_o)
 .libc.__stdio_exit
                  0x0036e2         0x14 c:/program files/microchip/xc16/v2.00/bin/bin/../../lib\libc99-elf.a(__stdio_exit.XX_o)
                  0x0036e2                  ___stdio_exit_needed
                  0x0036e2                  ___stdio_exit
 .libc.strcmp     0x0036f6         0x16 c:/program files/microchip/xc16/v2.00/bin/bin/../../lib\libc99-elf.a(strcmp.XX_o)
                  0x0036f6                  _strcmp
 .libc.__isspace
                  0x00370c         0x14 c:/program files/microchip/xc16/v2.00/bin/bin/../../lib\libc99-elf.a(atoi.XX_o)
 .libc.atoi       0x003720         0x4c c:/program files/microchip/xc16/v2.00/bin/bin/../../lib\libc99-elf.a(atoi.XX_o)
                  0x003720                  _atoi
 .libc.strcpy     0x00376c          0xe c:/program files/microchip/xc16/v2.00/bin/bin/../../lib\libc99-elf.a(strcpy.XX_o)
                  0x00376c                  _strcpy
 .libc.tolower    0x00377a          0xc c:/program files/microchip/xc16/v2.00/bin/bin/../../lib\libc99-elf.a(tolower.XX_o)
                  0x00377a                  _tolower
 .libc.__tolower_l
                  0x003786          0x2 c:/program files/microchip/xc16/v2.00/bin/bin/../../lib\libc99-elf.a(tolower.XX_o)
                  0x003786                  ___tolower_l
                  0x003786                  _tolower_l
 .libc.toupper    0x003788          0xc c:/program files/microchip/xc16/v2.00/bin/bin/../../lib\libc99-elf.a(toupper.XX_o)
                  0x003788                  _toupper
 .libc.__toupper_l
                  0x003794          0x2 c:/program files/microchip/xc16/v2.00/bin/bin/../../lib\libc99-elf.a(toupper.XX_o)
                  0x003794                  ___toupper_l
                  0x003794                  _toupper_l
 .libc.__pop_float
                  0x003796         0x3e c:/program files/microchip/xc16/v2.00/bin/bin/../../lib\libc99-elf.a(__pop_float.XX_lo)
                  0x003796                  ___pop_float
                  0x003796                  ___pop_float_needed
 .libc.__pop_int
                  0x0037d4         0xb2 c:/program files/microchip/xc16/v2.00/bin/bin/../../lib\libc99-elf.a(__pop_int.XX_lo)
                  0x0037d4                  ___pop_int
                  0x0037d4                  ___pop_int_needed
 .libc.__pop_ptr
                  0x003886         0x74 c:/program files/microchip/xc16/v2.00/bin/bin/../../lib\libc99-elf.a(__pop_ptr.XX_lo)
                  0x003886                  ___pop_ptr_needed
                  0x003886                  ___pop_ptr
 .libc.isxdigit
                  0x0038fa         0x18 c:/program files/microchip/xc16/v2.00/bin/bin/../../lib\libc99-elf.a(isxdigit.XX_o)
                  0x0038fa                  _isxdigit
 .libc.__isxdigit_l
                  0x003912          0x2 c:/program files/microchip/xc16/v2.00/bin/bin/../../lib\libc99-elf.a(isxdigit.XX_o)
                  0x003912                  _isxdigit_l
                  0x003912                  ___isxdigit_l
 .libc.__fopen_rw
                  0x003914         0x38 c:/program files/microchip/xc16/v2.00/bin/bin/../../lib\libc99-elf.a(__fopen_rw.XX_o)
                  0x003914                  ___fopen_rw
                  0x003914                  ___fopen_rw_needed
 .libc.__ftello_adj_rw
                  0x00394c         0x36 c:/program files/microchip/xc16/v2.00/bin/bin/../../lib\libc99-elf.a(__ftello_rw.XX_o)
                  0x00394c                  ___ftello_adj_rw
                  0x00394c                  ___ftello_adj_rw_needed
 .libc.__string_out
                  0x003982         0x28 c:/program files/microchip/xc16/v2.00/bin/bin/../../lib\libc99-elf.a(__out.XX_o)
 .libc.__fwrite_min
                  0x0039aa          0x4 c:/program files/microchip/xc16/v2.00/bin/bin/../../lib\libc99-elf.a(__out.XX_o)
                  0x0039aa                  ___stdio_write
                  0x0039aa                  ___stdio_write_unbuffered
 .libc.__out      0x0039ae         0x10 c:/program files/microchip/xc16/v2.00/bin/bin/../../lib\libc99-elf.a(__out.XX_o)
                  0x0039ae                  ___out_needed
                  0x0039ae                  ___out
 .libc.__stdio_close
                  0x0039be         0x48 c:/program files/microchip/xc16/v2.00/bin/bin/../../lib\libc99-elf.a(__stdio_close.XX_o)
                  0x0039be                  ___stdio_close
 .libc.__stdio_close_rw
                  0x003a06         0x64 c:/program files/microchip/xc16/v2.00/bin/bin/../../lib\libc99-elf.a(__stdio_close.XX_o)
                  0x003a06                  ___stdio_close_rw
 .libc.__stdio_read
                  0x003a6a         0x74 c:/program files/microchip/xc16/v2.00/bin/bin/../../lib\libc99-elf.a(__stdio_read.XX_o)
                  0x003a6a                  ___stdio_read
 .libc.__stdio_seek_unbuffered
                  0x003ade         0x2a c:/program files/microchip/xc16/v2.00/bin/bin/../../lib\libc99-elf.a(__stdio_seek.XX_o)
                  0x003ade                  ___stdio_seek_needed
                  0x003ade                  ___stdio_seek_unbuffered
 .libc.__stdio_seek
                  0x003b08         0x56 c:/program files/microchip/xc16/v2.00/bin/bin/../../lib\libc99-elf.a(__stdio_seek.XX_o)
                  0x003b08                  ___stdio_seek
 .libc.__stdio_seek_rw
                  0x003b5e         0x88 c:/program files/microchip/xc16/v2.00/bin/bin/../../lib\libc99-elf.a(__stdio_seek.XX_o)
                  0x003b5e                  ___stdio_seek_rw
 .libc.__towrite_rw
                  0x003be6         0x20 c:/program files/microchip/xc16/v2.00/bin/bin/../../lib\libc99-elf.a(__towrite_rw.XX_o)
                  0x003be6                  ___towrite_rw
                  0x003be6                  ___towrite_rw_needed
 .libc.__simple_malloc
                  0x003c06         0x76 c:/program files/microchip/xc16/v2.00/bin/bin/../../lib\libc99-elf.a(lite_malloc.XX_o)
                  0x003c06                  ___malloc0
                  0x003c06                  _malloc
                  0x003c06                  ___simple_malloc
 .libc.__readv    0x003c7c         0x2e c:/program files/microchip/xc16/v2.00/bin/bin/../../lib\libc99-elf.a(readv.XX_o)
                  0x003c7c                  _readv
 .libc.__expand_heap
                  0x003caa         0x14 c:/program files/microchip/xc16/v2.00/bin/bin/../../lib\libc99-elf.a(expand_heap.XX_o)
                  0x003caa                  ___expand_heap
 .libc.__push_float
                  0x003cbe         0x3e c:/program files/microchip/xc16/v2.00/bin/bin/../../lib\libc99-elf.a(__push_float.XX_lo)
                  0x003cbe                  ___push_float
                  0x003cbe                  ___push_float_needed
 .libc.__push_int
                  0x003cfc         0x72 c:/program files/microchip/xc16/v2.00/bin/bin/../../lib\libc99-elf.a(__push_int.XX_lo)
                  0x003cfc                  ___push_int
                  0x003cfc                  ___push_int_needed
 .libc.__stpcpy
                  0x003d6e         0x40 c:/program files/microchip/xc16/v2.00/bin/bin/../../lib\libc99-elf.a(stpcpy.XX_o)
                  0x003d6e                  ___stpcpy
                  0x003d6e                  _stpcpy
 .libc.__fclose
                  0x003dae         0x14 c:/program files/microchip/xc16/v2.00/bin/bin/../../lib\libc99-elf.a(__fclose.XX_o)
                  0x003dae                  ___fclose_needed
                  0x003dae                  ___fclose
 .libc.__fseeko
                  0x003dc2          0x4 c:/program files/microchip/xc16/v2.00/bin/bin/../../lib\libc99-elf.a(__fseeko.XX_o)
                  0x003dc2                  ___fseeko_unlocked
                  0x003dc2                  _fseeko
                  0x003dc2                  ___fseeko
                  0x003dc2                  ___fseeko_needed
 .libc.__dummy    0x003dc6         0x20 c:/program files/microchip/xc16/v2.00/bin/bin/../../lib\libc99-elf.a(__ftello.XX_o)
 .libc.__ftello_adj
                  0x003de6          0x2 c:/program files/microchip/xc16/v2.00/bin/bin/../../lib\libc99-elf.a(__ftello.XX_o)
                  0x003de6                  ___ftello_adj_needed
                  0x003de6                  ___ftello_adj
 .libc.__putc     0x003de8         0x36 c:/program files/microchip/xc16/v2.00/bin/bin/../../lib\libc99-elf.a(__putc.XX_o)
                  0x003de8                  ___putc_needed
                  0x003de8                  ___putc
 .libc.__putc_unbuffered
                  0x003e1e         0x30 c:/program files/microchip/xc16/v2.00/bin/bin/../../lib\libc99-elf.a(putc.XX_o)
                  0x003e1e                  ___putc_unbuffered
 .libc.putc       0x003e4e          0x2 c:/program files/microchip/xc16/v2.00/bin/bin/../../lib\libc99-elf.a(putc.XX_o)
                  0x003e4e                  _putc
                  0x003e4e                  _fputc
                  0x003e4e                  _putc_unlocked
                  0x003e4e                  __IO_putc
 .libc.__overflow
                  0x003e50         0x52 c:/program files/microchip/xc16/v2.00/bin/bin/../../lib\libc99-elf.a(__overflow.XX_o)
                  0x003e50                  ___overflow
 .libc.__dummy    0x003ea2          0x2 c:/program files/microchip/xc16/v2.00/bin/bin/../../lib\libc99-elf.a(__towrite.XX_o)
 .libc.__towrite
                  0x003ea4         0x1c c:/program files/microchip/xc16/v2.00/bin/bin/../../lib\libc99-elf.a(__towrite.XX_o)
                  0x003ea4                  ___towrite
 .libc.__dummy    0x003ec0          0x6 c:/program files/microchip/xc16/v2.00/bin/bin/../../lib\libc99-elf.a(__fopen.XX_o)
 .libc.__fopen_std
                  0x003ec6         0x26 c:/program files/microchip/xc16/v2.00/bin/bin/../../lib\libc99-elf.a(__fopen.XX_o)
 .libc.__fopen    0x003eec          0x2 c:/program files/microchip/xc16/v2.00/bin/bin/../../lib\libc99-elf.a(__fopen.XX_o)
                  0x003eec                  ___fopen
                  0x003eec                  ___fopen_needed
 .libc.__fwrite
                  0x003eee          0xc c:/program files/microchip/xc16/v2.00/bin/bin/../../lib\libc99-elf.a(__fwrite.XX_o)
                  0x003eee                  ___fwrite
                  0x003eee                  ___fwrite_needed
 .libc.__dummy    0x003efa          0x2 c:/program files/microchip/xc16/v2.00/bin/bin/../../lib\libc99-elf.a(__stderr.XX_o)
 .libc.__get_stderr
                  0x003efc          0x4 c:/program files/microchip/xc16/v2.00/bin/bin/../../lib\libc99-elf.a(__stderr.XX_o)
                  0x003efc                  ___get_stderr
                  0x003efc                  ___init_stderr_needed
 .libc.__dummy    0x003f00          0x2 c:/program files/microchip/xc16/v2.00/bin/bin/../../lib\libc99-elf.a(__stdout.XX_o)
 .libc.__get_stdout
                  0x003f02          0x4 c:/program files/microchip/xc16/v2.00/bin/bin/../../lib\libc99-elf.a(__stdout.XX_o)
                  0x003f02                  ___get_stdout
                  0x003f02                  ___init_stdout_needed
 .libc.__dummy    0x003f06          0x2 c:/program files/microchip/xc16/v2.00/bin/bin/../../lib\libc99-elf.a(__init_stdio.XX_o)
                  0x003f06                  ___init_stdout
                  0x003f06                  ___init_stderr
                  0x003f06                  ___init_stdin
 .libc.__init_stdio
                  0x003f08          0x6 c:/program files/microchip/xc16/v2.00/bin/bin/../../lib\libc99-elf.a(__init_stdio.XX_o)
                  0x003f08                  ___init_stdio
                  0x003f08                  ___init_stdio_needed
 .libm.eqdf2      0x003f0e          0xa c:/program files/microchip/xc16/v2.00/bin/bin/../../lib\libc99-pic30-elf.a(deqltle.XX_o)
                  0x003f0e                  ___eqdf2
                  0x003f0e                  ___ltdf2
                  0x003f0e                  ___ledf2
 .libm.gtdf2      0x003f18          0xa c:/program files/microchip/xc16/v2.00/bin/bin/../../lib\libc99-pic30-elf.a(dgtge.XX_o)
                  0x003f18                  ___gtdf2
                  0x003f18                  ___gedf2
 .libm.divsi3     0x003f22         0x1e c:/program files/microchip/xc16/v2.00/bin/bin/../../lib\libc99-pic30-elf.a(divsi3.XX_o)
                  0x003f22                  ___divsi3
 .libm.nedf2      0x003f40          0xa c:/program files/microchip/xc16/v2.00/bin/bin/../../lib\libc99-pic30-elf.a(dne.XX_o)
                  0x003f40                  ___nedf2
 .libm.extendsfdf2
                  0x003f4a         0x3e c:/program files/microchip/xc16/v2.00/bin/bin/../../lib\libc99-pic30-elf.a(extendsfdf.XX_o)
                  0x003f4a                  ___extendsfdf2
 .libm.fixdfsi    0x003f88         0x58 c:/program files/microchip/xc16/v2.00/bin/bin/../../lib\libc99-pic30-elf.a(fixdfsi.XX_o)
                  0x003f88                  _(float, int, long long, double, float, short, int)
 .libm.floatsidf
                  0x003fe0          0x6 c:/program files/microchip/xc16/v2.00/bin/bin/../../lib\libc99-pic30-elf.a(floatsidf.XX_o)
                  0x003fe0                  ___floatsidf
 .libm.floatunsidf
                  0x003fe6          0x4 c:/program files/microchip/xc16/v2.00/bin/bin/../../lib\libc99-pic30-elf.a(floatunsidf.XX_o)
                  0x003fe6                  ___floatunsidf
 .libm.truncdfsf2
                  0x003fea         0x56 c:/program files/microchip/xc16/v2.00/bin/bin/../../lib\libc99-pic30-elf.a(truncdfsf.XX_o)
                  0x003fea                  ___truncdfsf2
 .libm.udivsi3    0x004040         0x20 c:/program files/microchip/xc16/v2.00/bin/bin/../../lib\libc99-pic30-elf.a(udivsi3.XX_o)
                  0x004040                  ___udivsi3
 .libm.umodsi3    0x004060          0x6 c:/program files/microchip/xc16/v2.00/bin/bin/../../lib\libc99-pic30-elf.a(umodsi3.XX_o)
                  0x004060                  ___umodsi3
 .libm.mulsi3     0x004066          0xc c:/program files/microchip/xc16/v2.00/bin/bin/../../lib\libc99-pic30-elf.a(mulsi3.XX_o)
                  0x004066                  ___mulp32peds3
                  0x004066                  ___mulsi3
                  0x004066                  ___mulp32eds3
 .lib_dpfops      0x004072         0xa2 c:/program files/microchip/xc16/v2.00/bin/bin/../../lib\libc99-pic30-elf.a(dpadd.XX_o)
                  0x004072                  ___subdf3
                  0x00407e                  ___adddf3
 .lib_dpfops      0x004114        0x15e c:/program files/microchip/xc16/v2.00/bin/bin/../../lib\libc99-pic30-elf.a(dpdiv.XX_o)
                  0x004114                  ___divdf3
 .lib_dpfops      0x004272        0x11a c:/program files/microchip/xc16/v2.00/bin/bin/../../lib\libc99-pic30-elf.a(dpmul.XX_o)
                  0x004272                  ___muldf3
 .lib_dpfops      0x00438c        0x128 c:/program files/microchip/xc16/v2.00/bin/bin/../../lib\libc99-pic30-elf.a(dpsubs.XX_o)
                  0x0043a6                  __dxchg
                  0x0043b4                  __drshft
                  0x00440e                  __dupchk
                  0x004470                  __drndex
                  0x00447a                  __dnsrnd
                  0x0044a6                  __dpakex
 .libm.dcompare
                  0x0044b4         0x52 c:/program files/microchip/xc16/v2.00/bin/bin/../../lib\libc99-pic30-elf.a(dcompare.XX_o)
                  0x0044b4                  __dcompare
 .libm.dtype      0x004506         0x24 c:/program files/microchip/xc16/v2.00/bin/bin/../../lib\libc99-pic30-elf.a(dtype.XX_o)
                  0x004506                  __dtype
 .libm.dunpack    0x00452a         0x4e c:/program files/microchip/xc16/v2.00/bin/bin/../../lib\libc99-pic30-elf.a(dunpack.XX_o)
                  0x00452a                  __dunpack
 .libm.dunpack2
                  0x004578         0x32 c:/program files/microchip/xc16/v2.00/bin/bin/../../lib\libc99-pic30-elf.a(dunpack2.XX_o)
                  0x004578                  __dunpack2
                  0x00459a                  __dreturnNaN
                  0x0045a0                  __dunpack2exit
 .libm.floatdidf
                  0x0045aa         0x20 c:/program files/microchip/xc16/v2.00/bin/bin/../../lib\libc99-pic30-elf.a(floatdidf.XX_o)
                  0x0045aa                  ___floatdidf
 .libm.floatundidf
                  0x0045ca         0x56 c:/program files/microchip/xc16/v2.00/bin/bin/../../lib\libc99-pic30-elf.a(floatundidf.XX_o)
                  0x0045ca                  ___floatundidf
 .libm.dpack      0x004620         0x58 c:/program files/microchip/xc16/v2.00/bin/bin/../../lib\libc99-pic30-elf.a(dpack.XX_o)
                  0x004620                  __dpack
 .libm.dPropagateNaN
                  0x004678         0x1c c:/program files/microchip/xc16/v2.00/bin/bin/../../lib\libc99-pic30-elf.a(dpropagateNaN.XX_o)
                  0x004678                  __dPropagateNaN
 .libc.doread     0x004694          0x4 c:/program files/microchip/xc16/v2.00/bin/bin/../../lib\libc99-pic30-elf.a(read.Meo)
 .libc.dolseek    0x004698          0x4 c:/program files/microchip/xc16/v2.00/bin/bin/../../lib\libc99-pic30-elf.a(lseek.Meo)
 .libc.doclose    0x00469c          0x4 c:/program files/microchip/xc16/v2.00/bin/bin/../../lib\libc99-pic30-elf.a(close.Meo)
 .libc.dowrite    0x0046a0          0x4 c:/program files/microchip/xc16/v2.00/bin/bin/../../lib\libc99-pic30-elf.a(write.Meo)
 .libm.__PplusBdi
                  0x0046a4         0x26 c:/program files/microchip/xc16/v2.00/bin/bin/../../lib\libc99-pic30-elf.a(divmoddi3.XX_o)
 .libm.__PminusBdi
                  0x0046ca         0x26 c:/program files/microchip/xc16/v2.00/bin/bin/../../lib\libc99-pic30-elf.a(divmoddi3.XX_o)
 .libm.__udivmoddi3
                  0x0046f0         0xf8 c:/program files/microchip/xc16/v2.00/bin/bin/../../lib\libc99-pic30-elf.a(divmoddi3.XX_o)
                  0x0046f0                  ___udivmoddi3
 .libm.__udivdi3
                  0x0047e8          0xe c:/program files/microchip/xc16/v2.00/bin/bin/../../lib\libc99-pic30-elf.a(divmoddi3.XX_o)
                  0x0047e8                  ___udivdi3
 .libm.__umoddi3
                  0x0047f6          0x8 c:/program files/microchip/xc16/v2.00/bin/bin/../../lib\libc99-pic30-elf.a(divmoddi3.XX_o)
                  0x0047f6                  ___umoddi3
 .libm.__divdi3
                  0x0047fe         0x60 c:/program files/microchip/xc16/v2.00/bin/bin/../../lib\libc99-pic30-elf.a(divmoddi3.XX_o)
                  0x0047fe                  ___divdi3
 .libm.__moddi3
                  0x00485e         0x5c c:/program files/microchip/xc16/v2.00/bin/bin/../../lib\libc99-pic30-elf.a(divmoddi3.XX_o)
                  0x00485e                  ___moddi3
 .libm.__muldi3
                  0x0048ba         0x52 c:/program files/microchip/xc16/v2.00/bin/bin/../../lib\libc99-pic30-elf.a(muldi3.XX_o)
                  0x0048ba                  ___muldi3
 .libm.umuldi3    0x00490c         0x44 c:/program files/microchip/xc16/v2.00/bin/bin/../../lib\libc99-pic30-elf.a(umuldi3.XX_o)
                  0x00490c                  ___umuldi3
 .libc.copysignl
                  0x004950         0x34 c:/program files/microchip/xc16/v2.00/bin/bin/../../lib\libm-elf.a(copysignl.XX_o)
                  0x004950                  _copysignl
 .libc.fabsl      0x004984         0x16 c:/program files/microchip/xc16/v2.00/bin/bin/../../lib\libm-elf.a(fabsl.XX_o)
                  0x004984                  _fabsl
 .libc.floorl     0x00499a         0xf8 c:/program files/microchip/xc16/v2.00/bin/bin/../../lib\libm-elf.a(floorl.XX_o)
                  0x00499a                  _floorl
 .libc.__LONG_DOUBLE_BITS
                  0x004a92          0x2 c:/program files/microchip/xc16/v2.00/bin/bin/../../lib\libm-elf.a(fmodl.XX_o)
 .libc.fmodl      0x004a94        0x32c c:/program files/microchip/xc16/v2.00/bin/bin/../../lib\libm-elf.a(fmodl.XX_o)
                  0x004a94                  _fmodl
 .libc.scalbnf    0x004dc0         0x54 c:/program files/microchip/xc16/v2.00/bin/bin/../../lib\libm-elf.a(scalbnf.XX_o)
                  0x004dc0                  _scalbnf
 .libc.scalbnl    0x004e14         0x60 c:/program files/microchip/xc16/v2.00/bin/bin/../../lib\libm-elf.a(scalbnl.XX_o)
                  0x004e14                  _scalbnl

usercode
 *(usercode)

__FUID0
 *(__FUID0.sec*)

__FUID1
 *(__FUID1.sec*)

__FUID2
 *(__FUID2.sec*)

__FUID3
 *(__FUID3.sec*)

__FOSC
 *(__FOSC.sec*)

__FWDT
 *(__FWDT.sec*)

__FBORPOR
 *(__FBORPOR.sec*)

__RESERVED1
 *(__RESERVED1.sec*)

__RESERVED2
 *(__RESERVED2.sec*)

__FGS             0xf8000a          0x2
 *(__FGS.sec*)
 __FGS.sec        0xf8000a          0x2 /CW/_FGSêÔf
                  0xf8000a                  __FGS.sec

__FICD
 *(__FICD.sec*)

user_eedata
 *(user_eedata)

userdata
 *(userdata)

.comment
 *(.comment)

.debug_info       0x000000       0x7425
 *(.debug_info)
 .debug_info      0x000000        0x262 build/default/production/circular_buffer.o
 .debug_info      0x000262        0x27b build/default/production/parser.o
 .debug_info      0x0004dd        0x525 build/default/production/spi.o
 .debug_info      0x000a02        0x8ca build/default/production/timer.o
 .debug_info      0x0012cc        0x49f build/default/production/main.o
 .debug_info      0x00176b        0x9fb build/default/production/adc.o
 .debug_info      0x002166        0xd43 build/default/production/interrupt.o
 .debug_info      0x002ea9        0x82a build/default/production/pwm.o
 .debug_info      0x0036d3        0x1eb build/default/production/scheduler.o
 .debug_info      0x0038be        0xa16 build/default/production/task1.o
 .debug_info      0x0042d4        0x3c5 build/default/production/task2.o
 .debug_info      0x004699        0x21c build/default/production/task3.o
 .debug_info      0x0048b5        0x22f build/default/production/task4.o
 .debug_info      0x004ae4        0x49b build/default/production/task5.o
 .debug_info      0x004f7f        0x249 build/default/production/task6.o
 .debug_info      0x0051c8        0x1bb build/default/production/temperature_buffer.o
 .debug_info      0x005383        0x6b4 build/default/production/uart.o
 .debug_info      0x005a37         0x8d c:/program files/microchip/xc16/v2.00/bin/bin/../../lib\libc99-pic30-elf.a(feqltle.XX_o)
 .debug_info      0x005ac4         0x8b c:/program files/microchip/xc16/v2.00/bin/bin/../../lib\libc99-pic30-elf.a(fgtge.XX_o)
 .debug_info      0x005b4f         0x90 c:/program files/microchip/xc16/v2.00/bin/bin/../../lib\libc99-pic30-elf.a(fixunssfsi.XX_o)
 .debug_info      0x005bdf         0x8f c:/program files/microchip/xc16/v2.00/bin/bin/../../lib\libc99-pic30-elf.a(floatsisf.XX_o)
 .debug_info      0x005c6e         0x91 c:/program files/microchip/xc16/v2.00/bin/bin/../../lib\libc99-pic30-elf.a(floatunsisf.XX_o)
 .debug_info      0x005cff         0x8d c:/program files/microchip/xc16/v2.00/bin/bin/../../lib\libc99-pic30-elf.a(funpack.XX_o)
 .debug_info      0x005d8c         0x9d c:/program files/microchip/xc16/v2.00/bin/bin/../../lib\libc99-pic30-elf.a(addsf3x.XX_o)
 .debug_info      0x005e29         0x9d c:/program files/microchip/xc16/v2.00/bin/bin/../../lib\libc99-pic30-elf.a(divsf3x.XX_o)
 .debug_info      0x005ec6         0x9d c:/program files/microchip/xc16/v2.00/bin/bin/../../lib\libc99-pic30-elf.a(mulsf3x.XX_o)
 .debug_info      0x005f63         0xa0 c:/program files/microchip/xc16/v2.00/bin/bin/../../lib\libc99-pic30-elf.a(dnrmpackfx.XX_o)
 .debug_info      0x006003         0xa2 c:/program files/microchip/xc16/v2.00/bin/bin/../../lib\libc99-pic30-elf.a(unpackdnrmfx.XX_o)
 .debug_info      0x0060a5         0x9c c:/program files/microchip/xc16/v2.00/bin/bin/../../lib\libc99-pic30-elf.a(typefx.XX_o)
 .debug_info      0x006141         0x9f c:/program files/microchip/xc16/v2.00/bin/bin/../../lib\libc99-pic30-elf.a(propnanfx.XX_o)
 .debug_info      0x0061e0         0x9d c:/program files/microchip/xc16/v2.00/bin/bin/../../lib\libc99-pic30-elf.a(spackfx.XX_o)
 .debug_info      0x00627d         0x9e c:/program files/microchip/xc16/v2.00/bin/bin/../../lib\libc99-pic30-elf.a(unpackfx.XX_o)
 .debug_info      0x00631b         0x8e c:/program files/microchip/xc16/v2.00/bin/bin/../../lib\libc99-pic30-elf.a(fcompare.XX_o)
 .debug_info      0x0063a9         0x8f c:/program files/microchip/xc16/v2.00/bin/bin/../../lib\libc99-pic30-elf.a(floatdisf.XX_o)
 .debug_info      0x006438         0x91 c:/program files/microchip/xc16/v2.00/bin/bin/../../lib\libc99-pic30-elf.a(floatundisf.XX_o)
 .debug_info      0x0064c9         0x8b c:/program files/microchip/xc16/v2.00/bin/bin/../../lib\libc99-pic30-elf.a(fpack.XX_o)
 .debug_info      0x006554         0x8e c:/program files/microchip/xc16/v2.00/bin/bin/../../lib\libc99-pic30-elf.a(funpack2.XX_o)
 .debug_info      0x0065e2         0x8d c:/program files/microchip/xc16/v2.00/bin/bin/../../lib\libc99-pic30-elf.a(deqltle.XX_o)
 .debug_info      0x00666f         0x8b c:/program files/microchip/xc16/v2.00/bin/bin/../../lib\libc99-pic30-elf.a(dgtge.XX_o)
 .debug_info      0x0066fa         0x8c c:/program files/microchip/xc16/v2.00/bin/bin/../../lib\libc99-pic30-elf.a(divsi3.XX_o)
 .debug_info      0x006786         0x89 c:/program files/microchip/xc16/v2.00/bin/bin/../../lib\libc99-pic30-elf.a(dne.XX_o)
 .debug_info      0x00680f         0x90 c:/program files/microchip/xc16/v2.00/bin/bin/../../lib\libc99-pic30-elf.a(extendsfdf.XX_o)
 .debug_info      0x00689f         0x8d c:/program files/microchip/xc16/v2.00/bin/bin/../../lib\libc99-pic30-elf.a(fixdfsi.XX_o)
 .debug_info      0x00692c         0x8f c:/program files/microchip/xc16/v2.00/bin/bin/../../lib\libc99-pic30-elf.a(floatsidf.XX_o)
 .debug_info      0x0069bb         0x91 c:/program files/microchip/xc16/v2.00/bin/bin/../../lib\libc99-pic30-elf.a(floatunsidf.XX_o)
 .debug_info      0x006a4c         0x8f c:/program files/microchip/xc16/v2.00/bin/bin/../../lib\libc99-pic30-elf.a(truncdfsf.XX_o)
 .debug_info      0x006adb         0x8d c:/program files/microchip/xc16/v2.00/bin/bin/../../lib\libc99-pic30-elf.a(udivsi3.XX_o)
 .debug_info      0x006b68         0x8d c:/program files/microchip/xc16/v2.00/bin/bin/../../lib\libc99-pic30-elf.a(umodsi3.XX_o)
 .debug_info      0x006bf5         0x8c c:/program files/microchip/xc16/v2.00/bin/bin/../../lib\libc99-pic30-elf.a(mulsi3.XX_o)
 .debug_info      0x006c81         0xa9 c:/program files/microchip/xc16/v2.00/bin/bin/../../lib\libc99-pic30-elf.a(dpadd.XX_o)
 .debug_info      0x006d2a         0xa9 c:/program files/microchip/xc16/v2.00/bin/bin/../../lib\libc99-pic30-elf.a(dpdiv.XX_o)
 .debug_info      0x006dd3         0xa9 c:/program files/microchip/xc16/v2.00/bin/bin/../../lib\libc99-pic30-elf.a(dpmul.XX_o)
 .debug_info      0x006e7c         0xaa c:/program files/microchip/xc16/v2.00/bin/bin/../../lib\libc99-pic30-elf.a(dpsubs.XX_o)
 .debug_info      0x006f26         0x8e c:/program files/microchip/xc16/v2.00/bin/bin/../../lib\libc99-pic30-elf.a(dcompare.XX_o)
 .debug_info      0x006fb4         0x8b c:/program files/microchip/xc16/v2.00/bin/bin/../../lib\libc99-pic30-elf.a(dtype.XX_o)
 .debug_info      0x00703f         0x8d c:/program files/microchip/xc16/v2.00/bin/bin/../../lib\libc99-pic30-elf.a(dunpack.XX_o)
 .debug_info      0x0070cc         0x8e c:/program files/microchip/xc16/v2.00/bin/bin/../../lib\libc99-pic30-elf.a(dunpack2.XX_o)
 .debug_info      0x00715a         0x8f c:/program files/microchip/xc16/v2.00/bin/bin/../../lib\libc99-pic30-elf.a(floatdidf.XX_o)
 .debug_info      0x0071e9         0x91 c:/program files/microchip/xc16/v2.00/bin/bin/../../lib\libc99-pic30-elf.a(floatundidf.XX_o)
 .debug_info      0x00727a         0x8b c:/program files/microchip/xc16/v2.00/bin/bin/../../lib\libc99-pic30-elf.a(dpack.XX_o)
 .debug_info      0x007305         0x93 c:/program files/microchip/xc16/v2.00/bin/bin/../../lib\libc99-pic30-elf.a(dpropagateNaN.XX_o)
 .debug_info      0x007398         0x8d c:/program files/microchip/xc16/v2.00/bin/bin/../../lib\libc99-pic30-elf.a(umuldi3.XX_o)
 *(.gnu.linkonce.wi.*)

.debug_abbrev     0x000000       0x1227
 *(.debug_abbrev)
 .debug_abbrev    0x000000         0xc0 build/default/production/circular_buffer.o
 .debug_abbrev    0x0000c0         0xc5 build/default/production/parser.o
 .debug_abbrev    0x000185        0x116 build/default/production/spi.o
 .debug_abbrev    0x00029b        0x137 build/default/production/timer.o
 .debug_abbrev    0x0003d2         0x93 build/default/production/main.o
 .debug_abbrev    0x000465         0xc3 build/default/production/adc.o
 .debug_abbrev    0x000528        0x126 build/default/production/interrupt.o
 .debug_abbrev    0x00064e        0x129 build/default/production/pwm.o
 .debug_abbrev    0x000777         0xa2 build/default/production/scheduler.o
 .debug_abbrev    0x000819        0x14b build/default/production/task1.o
 .debug_abbrev    0x000964        0x115 build/default/production/task2.o
 .debug_abbrev    0x000a79         0xa4 build/default/production/task3.o
 .debug_abbrev    0x000b1d         0x82 build/default/production/task4.o
 .debug_abbrev    0x000b9f         0xac build/default/production/task5.o
 .debug_abbrev    0x000c4b         0x68 build/default/production/task6.o
 .debug_abbrev    0x000cb3         0xa5 build/default/production/temperature_buffer.o
 .debug_abbrev    0x000d58        0x14b build/default/production/uart.o
 .debug_abbrev    0x000ea3         0x14 c:/program files/microchip/xc16/v2.00/bin/bin/../../lib\libc99-pic30-elf.a(feqltle.XX_o)
 .debug_abbrev    0x000eb7         0x14 c:/program files/microchip/xc16/v2.00/bin/bin/../../lib\libc99-pic30-elf.a(fgtge.XX_o)
 .debug_abbrev    0x000ecb         0x14 c:/program files/microchip/xc16/v2.00/bin/bin/../../lib\libc99-pic30-elf.a(fixunssfsi.XX_o)
 .debug_abbrev    0x000edf         0x14 c:/program files/microchip/xc16/v2.00/bin/bin/../../lib\libc99-pic30-elf.a(floatsisf.XX_o)
 .debug_abbrev    0x000ef3         0x14 c:/program files/microchip/xc16/v2.00/bin/bin/../../lib\libc99-pic30-elf.a(floatunsisf.XX_o)
 .debug_abbrev    0x000f07         0x14 c:/program files/microchip/xc16/v2.00/bin/bin/../../lib\libc99-pic30-elf.a(funpack.XX_o)
 .debug_abbrev    0x000f1b         0x14 c:/program files/microchip/xc16/v2.00/bin/bin/../../lib\libc99-pic30-elf.a(addsf3x.XX_o)
 .debug_abbrev    0x000f2f         0x14 c:/program files/microchip/xc16/v2.00/bin/bin/../../lib\libc99-pic30-elf.a(divsf3x.XX_o)
 .debug_abbrev    0x000f43         0x14 c:/program files/microchip/xc16/v2.00/bin/bin/../../lib\libc99-pic30-elf.a(mulsf3x.XX_o)
 .debug_abbrev    0x000f57         0x14 c:/program files/microchip/xc16/v2.00/bin/bin/../../lib\libc99-pic30-elf.a(dnrmpackfx.XX_o)
 .debug_abbrev    0x000f6b         0x14 c:/program files/microchip/xc16/v2.00/bin/bin/../../lib\libc99-pic30-elf.a(unpackdnrmfx.XX_o)
 .debug_abbrev    0x000f7f         0x14 c:/program files/microchip/xc16/v2.00/bin/bin/../../lib\libc99-pic30-elf.a(typefx.XX_o)
 .debug_abbrev    0x000f93         0x14 c:/program files/microchip/xc16/v2.00/bin/bin/../../lib\libc99-pic30-elf.a(propnanfx.XX_o)
 .debug_abbrev    0x000fa7         0x14 c:/program files/microchip/xc16/v2.00/bin/bin/../../lib\libc99-pic30-elf.a(spackfx.XX_o)
 .debug_abbrev    0x000fbb         0x14 c:/program files/microchip/xc16/v2.00/bin/bin/../../lib\libc99-pic30-elf.a(unpackfx.XX_o)
 .debug_abbrev    0x000fcf         0x14 c:/program files/microchip/xc16/v2.00/bin/bin/../../lib\libc99-pic30-elf.a(fcompare.XX_o)
 .debug_abbrev    0x000fe3         0x14 c:/program files/microchip/xc16/v2.00/bin/bin/../../lib\libc99-pic30-elf.a(floatdisf.XX_o)
 .debug_abbrev    0x000ff7         0x14 c:/program files/microchip/xc16/v2.00/bin/bin/../../lib\libc99-pic30-elf.a(floatundisf.XX_o)
 .debug_abbrev    0x00100b         0x14 c:/program files/microchip/xc16/v2.00/bin/bin/../../lib\libc99-pic30-elf.a(fpack.XX_o)
 .debug_abbrev    0x00101f         0x14 c:/program files/microchip/xc16/v2.00/bin/bin/../../lib\libc99-pic30-elf.a(funpack2.XX_o)
 .debug_abbrev    0x001033         0x14 c:/program files/microchip/xc16/v2.00/bin/bin/../../lib\libc99-pic30-elf.a(deqltle.XX_o)
 .debug_abbrev    0x001047         0x14 c:/program files/microchip/xc16/v2.00/bin/bin/../../lib\libc99-pic30-elf.a(dgtge.XX_o)
 .debug_abbrev    0x00105b         0x14 c:/program files/microchip/xc16/v2.00/bin/bin/../../lib\libc99-pic30-elf.a(divsi3.XX_o)
 .debug_abbrev    0x00106f         0x14 c:/program files/microchip/xc16/v2.00/bin/bin/../../lib\libc99-pic30-elf.a(dne.XX_o)
 .debug_abbrev    0x001083         0x14 c:/program files/microchip/xc16/v2.00/bin/bin/../../lib\libc99-pic30-elf.a(extendsfdf.XX_o)
 .debug_abbrev    0x001097         0x14 c:/program files/microchip/xc16/v2.00/bin/bin/../../lib\libc99-pic30-elf.a(fixdfsi.XX_o)
 .debug_abbrev    0x0010ab         0x14 c:/program files/microchip/xc16/v2.00/bin/bin/../../lib\libc99-pic30-elf.a(floatsidf.XX_o)
 .debug_abbrev    0x0010bf         0x14 c:/program files/microchip/xc16/v2.00/bin/bin/../../lib\libc99-pic30-elf.a(floatunsidf.XX_o)
 .debug_abbrev    0x0010d3         0x14 c:/program files/microchip/xc16/v2.00/bin/bin/../../lib\libc99-pic30-elf.a(truncdfsf.XX_o)
 .debug_abbrev    0x0010e7         0x14 c:/program files/microchip/xc16/v2.00/bin/bin/../../lib\libc99-pic30-elf.a(udivsi3.XX_o)
 .debug_abbrev    0x0010fb         0x14 c:/program files/microchip/xc16/v2.00/bin/bin/../../lib\libc99-pic30-elf.a(umodsi3.XX_o)
 .debug_abbrev    0x00110f         0x14 c:/program files/microchip/xc16/v2.00/bin/bin/../../lib\libc99-pic30-elf.a(mulsi3.XX_o)
 .debug_abbrev    0x001123         0x14 c:/program files/microchip/xc16/v2.00/bin/bin/../../lib\libc99-pic30-elf.a(dpadd.XX_o)
 .debug_abbrev    0x001137         0x14 c:/program files/microchip/xc16/v2.00/bin/bin/../../lib\libc99-pic30-elf.a(dpdiv.XX_o)
 .debug_abbrev    0x00114b         0x14 c:/program files/microchip/xc16/v2.00/bin/bin/../../lib\libc99-pic30-elf.a(dpmul.XX_o)
 .debug_abbrev    0x00115f         0x14 c:/program files/microchip/xc16/v2.00/bin/bin/../../lib\libc99-pic30-elf.a(dpsubs.XX_o)
 .debug_abbrev    0x001173         0x14 c:/program files/microchip/xc16/v2.00/bin/bin/../../lib\libc99-pic30-elf.a(dcompare.XX_o)
 .debug_abbrev    0x001187         0x14 c:/program files/microchip/xc16/v2.00/bin/bin/../../lib\libc99-pic30-elf.a(dtype.XX_o)
 .debug_abbrev    0x00119b         0x14 c:/program files/microchip/xc16/v2.00/bin/bin/../../lib\libc99-pic30-elf.a(dunpack.XX_o)
 .debug_abbrev    0x0011af         0x14 c:/program files/microchip/xc16/v2.00/bin/bin/../../lib\libc99-pic30-elf.a(dunpack2.XX_o)
 .debug_abbrev    0x0011c3         0x14 c:/program files/microchip/xc16/v2.00/bin/bin/../../lib\libc99-pic30-elf.a(floatdidf.XX_o)
 .debug_abbrev    0x0011d7         0x14 c:/program files/microchip/xc16/v2.00/bin/bin/../../lib\libc99-pic30-elf.a(floatundidf.XX_o)
 .debug_abbrev    0x0011eb         0x14 c:/program files/microchip/xc16/v2.00/bin/bin/../../lib\libc99-pic30-elf.a(dpack.XX_o)
 .debug_abbrev    0x0011ff         0x14 c:/program files/microchip/xc16/v2.00/bin/bin/../../lib\libc99-pic30-elf.a(dpropagateNaN.XX_o)
 .debug_abbrev    0x001213         0x14 c:/program files/microchip/xc16/v2.00/bin/bin/../../lib\libc99-pic30-elf.a(umuldi3.XX_o)

.debug_line       0x000000       0x2113
 *(.debug_line)
 .debug_line      0x000000         0x6a build/default/production/circular_buffer.o
 .debug_line      0x00006a         0x92 build/default/production/parser.o
 .debug_line      0x0000fc        0x11f build/default/production/spi.o
 .debug_line      0x00021b        0x17a build/default/production/timer.o
 .debug_line      0x000395         0x95 build/default/production/main.o
 .debug_line      0x00042a        0x104 build/default/production/adc.o
 .debug_line      0x00052e        0x15a build/default/production/interrupt.o
 .debug_line      0x000688        0x127 build/default/production/pwm.o
 .debug_line      0x0007af         0x79 build/default/production/scheduler.o
 .debug_line      0x000828        0x177 build/default/production/task1.o
 .debug_line      0x00099f        0x125 build/default/production/task2.o
 .debug_line      0x000ac4         0x5f build/default/production/task3.o
 .debug_line      0x000b23         0x46 build/default/production/task4.o
 .debug_line      0x000b69        0x124 build/default/production/task5.o
 .debug_line      0x000c8d         0x51 build/default/production/task6.o
 .debug_line      0x000cde         0x5f build/default/production/temperature_buffer.o
 .debug_line      0x000d3d        0x12e build/default/production/uart.o
 .debug_line      0x000e6b         0x37 c:/program files/microchip/xc16/v2.00/bin/bin/../../lib\libc99-pic30-elf.a(feqltle.XX_o)
 .debug_line      0x000ea2         0x35 c:/program files/microchip/xc16/v2.00/bin/bin/../../lib\libc99-pic30-elf.a(fgtge.XX_o)
 .debug_line      0x000ed7         0x53 c:/program files/microchip/xc16/v2.00/bin/bin/../../lib\libc99-pic30-elf.a(fixunssfsi.XX_o)
 .debug_line      0x000f2a         0x3a c:/program files/microchip/xc16/v2.00/bin/bin/../../lib\libc99-pic30-elf.a(floatsisf.XX_o)
 .debug_line      0x000f64         0x3b c:/program files/microchip/xc16/v2.00/bin/bin/../../lib\libc99-pic30-elf.a(floatunsisf.XX_o)
 .debug_line      0x000f9f         0x4a c:/program files/microchip/xc16/v2.00/bin/bin/../../lib\libc99-pic30-elf.a(funpack.XX_o)
 .debug_line      0x000fe9        0x136 c:/program files/microchip/xc16/v2.00/bin/bin/../../lib\libc99-pic30-elf.a(addsf3x.XX_o)
 .debug_line      0x00111f        0x124 c:/program files/microchip/xc16/v2.00/bin/bin/../../lib\libc99-pic30-elf.a(divsf3x.XX_o)
 .debug_line      0x001243         0xcc c:/program files/microchip/xc16/v2.00/bin/bin/../../lib\libc99-pic30-elf.a(mulsf3x.XX_o)
 .debug_line      0x00130f         0x72 c:/program files/microchip/xc16/v2.00/bin/bin/../../lib\libc99-pic30-elf.a(dnrmpackfx.XX_o)
 .debug_line      0x001381         0x7a c:/program files/microchip/xc16/v2.00/bin/bin/../../lib\libc99-pic30-elf.a(unpackdnrmfx.XX_o)
 .debug_line      0x0013fb         0x5e c:/program files/microchip/xc16/v2.00/bin/bin/../../lib\libc99-pic30-elf.a(typefx.XX_o)
 .debug_line      0x001459         0x51 c:/program files/microchip/xc16/v2.00/bin/bin/../../lib\libc99-pic30-elf.a(propnanfx.XX_o)
 .debug_line      0x0014aa         0x98 c:/program files/microchip/xc16/v2.00/bin/bin/../../lib\libc99-pic30-elf.a(spackfx.XX_o)
 .debug_line      0x001542         0x79 c:/program files/microchip/xc16/v2.00/bin/bin/../../lib\libc99-pic30-elf.a(unpackfx.XX_o)
 .debug_line      0x0015bb         0x1a c:/program files/microchip/xc16/v2.00/bin/bin/../../lib\libc99-pic30-elf.a(errno.XX_o)
 .debug_line      0x0015d5         0x53 c:/program files/microchip/xc16/v2.00/bin/bin/../../lib\libc99-pic30-elf.a(fcompare.XX_o)
 .debug_line      0x001628         0x47 c:/program files/microchip/xc16/v2.00/bin/bin/../../lib\libc99-pic30-elf.a(floatdisf.XX_o)
 .debug_line      0x00166f         0x6c c:/program files/microchip/xc16/v2.00/bin/bin/../../lib\libc99-pic30-elf.a(floatundisf.XX_o)
 .debug_line      0x0016db         0x5a c:/program files/microchip/xc16/v2.00/bin/bin/../../lib\libc99-pic30-elf.a(fpack.XX_o)
 .debug_line      0x001735         0x3e c:/program files/microchip/xc16/v2.00/bin/bin/../../lib\libc99-pic30-elf.a(funpack2.XX_o)
 .debug_line      0x001773         0x3a c:/program files/microchip/xc16/v2.00/bin/bin/../../lib\libc99-pic30-elf.a(deqltle.XX_o)
 .debug_line      0x0017ad         0x38 c:/program files/microchip/xc16/v2.00/bin/bin/../../lib\libc99-pic30-elf.a(dgtge.XX_o)
 .debug_line      0x0017e5         0x43 c:/program files/microchip/xc16/v2.00/bin/bin/../../lib\libc99-pic30-elf.a(divsi3.XX_o)
 .debug_line      0x001828         0x36 c:/program files/microchip/xc16/v2.00/bin/bin/../../lib\libc99-pic30-elf.a(dne.XX_o)
 .debug_line      0x00185e         0x59 c:/program files/microchip/xc16/v2.00/bin/bin/../../lib\libc99-pic30-elf.a(extendsfdf.XX_o)
 .debug_line      0x0018b7         0x61 c:/program files/microchip/xc16/v2.00/bin/bin/../../lib\libc99-pic30-elf.a(fixdfsi.XX_o)
 .debug_line      0x001918         0x3a c:/program files/microchip/xc16/v2.00/bin/bin/../../lib\libc99-pic30-elf.a(floatsidf.XX_o)
 .debug_line      0x001952         0x3b c:/program files/microchip/xc16/v2.00/bin/bin/../../lib\libc99-pic30-elf.a(floatunsidf.XX_o)
 .debug_line      0x00198d         0x66 c:/program files/microchip/xc16/v2.00/bin/bin/../../lib\libc99-pic30-elf.a(truncdfsf.XX_o)
 .debug_line      0x0019f3         0x45 c:/program files/microchip/xc16/v2.00/bin/bin/../../lib\libc99-pic30-elf.a(udivsi3.XX_o)
 .debug_line      0x001a38         0x38 c:/program files/microchip/xc16/v2.00/bin/bin/../../lib\libc99-pic30-elf.a(umodsi3.XX_o)
 .debug_line      0x001a70         0x3a c:/program files/microchip/xc16/v2.00/bin/bin/../../lib\libc99-pic30-elf.a(mulsi3.XX_o)
 .debug_line      0x001aaa         0xa2 c:/program files/microchip/xc16/v2.00/bin/bin/../../lib\libc99-pic30-elf.a(dpadd.XX_o)
 .debug_line      0x001b4c        0x100 c:/program files/microchip/xc16/v2.00/bin/bin/../../lib\libc99-pic30-elf.a(dpdiv.XX_o)
 .debug_line      0x001c4c         0xde c:/program files/microchip/xc16/v2.00/bin/bin/../../lib\libc99-pic30-elf.a(dpmul.XX_o)
 .debug_line      0x001d2a         0xe8 c:/program files/microchip/xc16/v2.00/bin/bin/../../lib\libc99-pic30-elf.a(dpsubs.XX_o)
 .debug_line      0x001e12         0x5f c:/program files/microchip/xc16/v2.00/bin/bin/../../lib\libc99-pic30-elf.a(dcompare.XX_o)
 .debug_line      0x001e71         0x45 c:/program files/microchip/xc16/v2.00/bin/bin/../../lib\libc99-pic30-elf.a(dtype.XX_o)
 .debug_line      0x001eb6         0x5c c:/program files/microchip/xc16/v2.00/bin/bin/../../lib\libc99-pic30-elf.a(dunpack.XX_o)
 .debug_line      0x001f12         0x53 c:/program files/microchip/xc16/v2.00/bin/bin/../../lib\libc99-pic30-elf.a(dunpack2.XX_o)
 .debug_line      0x001f65         0x47 c:/program files/microchip/xc16/v2.00/bin/bin/../../lib\libc99-pic30-elf.a(floatdidf.XX_o)
 .debug_line      0x001fac         0x68 c:/program files/microchip/xc16/v2.00/bin/bin/../../lib\libc99-pic30-elf.a(floatundidf.XX_o)
 .debug_line      0x002014         0x5f c:/program files/microchip/xc16/v2.00/bin/bin/../../lib\libc99-pic30-elf.a(dpack.XX_o)
 .debug_line      0x002073         0x49 c:/program files/microchip/xc16/v2.00/bin/bin/../../lib\libc99-pic30-elf.a(dpropagateNaN.XX_o)
 .debug_line      0x0020bc         0x57 c:/program files/microchip/xc16/v2.00/bin/bin/../../lib\libc99-pic30-elf.a(umuldi3.XX_o)

.debug_frame      0x000000        0x720
 *(.debug_frame)
 .debug_frame     0x000000         0x7c build/default/production/circular_buffer.o
 .debug_frame     0x00007c         0x62 build/default/production/parser.o
 .debug_frame     0x0000de         0xb0 build/default/production/spi.o
 .debug_frame     0x00018e         0x86 build/default/production/timer.o
 .debug_frame     0x000214         0x2e build/default/production/main.o
 .debug_frame     0x000242         0x2e build/default/production/adc.o
 .debug_frame     0x000270        0x17e build/default/production/interrupt.o
 .debug_frame     0x0003ee         0xb0 build/default/production/pwm.o
 .debug_frame     0x00049e         0x48 build/default/production/scheduler.o
 .debug_frame     0x0004e6         0x52 build/default/production/task1.o
 .debug_frame     0x000538         0x2e build/default/production/task2.o
 .debug_frame     0x000566         0x3c build/default/production/task3.o
 .debug_frame     0x0005a2         0x54 build/default/production/task4.o
 .debug_frame     0x0005f6         0x48 build/default/production/task5.o
 .debug_frame     0x00063e         0x52 build/default/production/task6.o
 .debug_frame     0x000690         0x48 build/default/production/temperature_buffer.o
 .debug_frame     0x0006d8         0x48 build/default/production/uart.o

.debug_str        0x000000        0x1fa
 *(.debug_str)
 .debug_str       0x000000         0x19 build/default/production/spi.o
 .debug_str       0x000019         0x3b build/default/production/timer.o
 .debug_str       0x000054         0x36 build/default/production/adc.o
 .debug_str       0x00008a         0x4c build/default/production/interrupt.o
 .debug_str       0x0000d6         0x39 build/default/production/pwm.o
 .debug_str       0x00010f          0xa build/default/production/scheduler.o
 .debug_str       0x000119         0x54 build/default/production/task1.o
 .debug_str       0x00016d          0xb build/default/production/task2.o
 .debug_str       0x000178          0x9 build/default/production/task3.o
 .debug_str       0x000181         0x19 build/default/production/task4.o
 .debug_str       0x00019a         0x42 build/default/production/task5.o
 .debug_str       0x0001dc         0x1e build/default/production/uart.o

.debug_loc
 *(.debug_loc)

.debug_macinfo
 *(.debug_macinfo)

.debug_pubnames
                  0x000000        0x51f
 *(.debug_pubnames)
 .debug_pubnames
                  0x000000         0x7f build/default/production/circular_buffer.o
 .debug_pubnames
                  0x00007f         0x45 build/default/production/parser.o
 .debug_pubnames
                  0x0000c4         0x8a build/default/production/spi.o
 .debug_pubnames
                  0x00014e         0x60 build/default/production/timer.o
 .debug_pubnames
                  0x0001ae         0xeb build/default/production/main.o
 .debug_pubnames
                  0x000299         0x1f build/default/production/adc.o
 .debug_pubnames
                  0x0002b8         0x93 build/default/production/interrupt.o
 .debug_pubnames
                  0x00034b         0x68 build/default/production/pwm.o
 .debug_pubnames
                  0x0003b3         0x33 build/default/production/scheduler.o
 .debug_pubnames
                  0x0003e6         0x1c build/default/production/task1.o
 .debug_pubnames
                  0x000402         0x1c build/default/production/task2.o
 .debug_pubnames
                  0x00041e         0x1c build/default/production/task3.o
 .debug_pubnames
                  0x00043a         0x1c build/default/production/task4.o
 .debug_pubnames
                  0x000456         0x2d build/default/production/task5.o
 .debug_pubnames
                  0x000483         0x1c build/default/production/task6.o
 .debug_pubnames
                  0x00049f         0x4b build/default/production/temperature_buffer.o
 .debug_pubnames
                  0x0004ea         0x35 build/default/production/uart.o

.debug_ranges
 *(.debug_ranges)

.debug_aranges    0x000000        0x5d0
 *(.debug_aranges)
 .debug_aranges
                  0x000000         0x18 build/default/production/circular_buffer.o
 .debug_aranges
                  0x000018         0x18 build/default/production/parser.o
 .debug_aranges
                  0x000030         0x18 build/default/production/spi.o
 .debug_aranges
                  0x000048         0x18 build/default/production/timer.o
 .debug_aranges
                  0x000060         0x18 build/default/production/main.o
 .debug_aranges
                  0x000078         0x18 build/default/production/adc.o
 .debug_aranges
                  0x000090         0x18 build/default/production/interrupt.o
 .debug_aranges
                  0x0000a8         0x18 build/default/production/pwm.o
 .debug_aranges
                  0x0000c0         0x18 build/default/production/scheduler.o
 .debug_aranges
                  0x0000d8         0x18 build/default/production/task1.o
 .debug_aranges
                  0x0000f0         0x18 build/default/production/task2.o
 .debug_aranges
                  0x000108         0x18 build/default/production/task3.o
 .debug_aranges
                  0x000120         0x18 build/default/production/task4.o
 .debug_aranges
                  0x000138         0x18 build/default/production/task5.o
 .debug_aranges
                  0x000150         0x18 build/default/production/task6.o
 .debug_aranges
                  0x000168         0x18 build/default/production/temperature_buffer.o
 .debug_aranges
                  0x000180         0x18 build/default/production/uart.o
 .debug_aranges
                  0x000198         0x18 c:/program files/microchip/xc16/v2.00/bin/bin/../../lib\libc99-pic30-elf.a(feqltle.XX_o)
 .debug_aranges
                  0x0001b0         0x18 c:/program files/microchip/xc16/v2.00/bin/bin/../../lib\libc99-pic30-elf.a(fgtge.XX_o)
 .debug_aranges
                  0x0001c8         0x18 c:/program files/microchip/xc16/v2.00/bin/bin/../../lib\libc99-pic30-elf.a(fixunssfsi.XX_o)
 .debug_aranges
                  0x0001e0         0x18 c:/program files/microchip/xc16/v2.00/bin/bin/../../lib\libc99-pic30-elf.a(floatsisf.XX_o)
 .debug_aranges
                  0x0001f8         0x18 c:/program files/microchip/xc16/v2.00/bin/bin/../../lib\libc99-pic30-elf.a(floatunsisf.XX_o)
 .debug_aranges
                  0x000210         0x18 c:/program files/microchip/xc16/v2.00/bin/bin/../../lib\libc99-pic30-elf.a(funpack.XX_o)
 .debug_aranges
                  0x000228         0x18 c:/program files/microchip/xc16/v2.00/bin/bin/../../lib\libc99-pic30-elf.a(addsf3x.XX_o)
 .debug_aranges
                  0x000240         0x18 c:/program files/microchip/xc16/v2.00/bin/bin/../../lib\libc99-pic30-elf.a(divsf3x.XX_o)
 .debug_aranges
                  0x000258         0x18 c:/program files/microchip/xc16/v2.00/bin/bin/../../lib\libc99-pic30-elf.a(mulsf3x.XX_o)
 .debug_aranges
                  0x000270         0x18 c:/program files/microchip/xc16/v2.00/bin/bin/../../lib\libc99-pic30-elf.a(dnrmpackfx.XX_o)
 .debug_aranges
                  0x000288         0x18 c:/program files/microchip/xc16/v2.00/bin/bin/../../lib\libc99-pic30-elf.a(unpackdnrmfx.XX_o)
 .debug_aranges
                  0x0002a0         0x18 c:/program files/microchip/xc16/v2.00/bin/bin/../../lib\libc99-pic30-elf.a(typefx.XX_o)
 .debug_aranges
                  0x0002b8         0x18 c:/program files/microchip/xc16/v2.00/bin/bin/../../lib\libc99-pic30-elf.a(propnanfx.XX_o)
 .debug_aranges
                  0x0002d0         0x18 c:/program files/microchip/xc16/v2.00/bin/bin/../../lib\libc99-pic30-elf.a(spackfx.XX_o)
 .debug_aranges
                  0x0002e8         0x18 c:/program files/microchip/xc16/v2.00/bin/bin/../../lib\libc99-pic30-elf.a(unpackfx.XX_o)
 .debug_aranges
                  0x000300         0x18 c:/program files/microchip/xc16/v2.00/bin/bin/../../lib\libc99-pic30-elf.a(fcompare.XX_o)
 .debug_aranges
                  0x000318         0x18 c:/program files/microchip/xc16/v2.00/bin/bin/../../lib\libc99-pic30-elf.a(floatdisf.XX_o)
 .debug_aranges
                  0x000330         0x18 c:/program files/microchip/xc16/v2.00/bin/bin/../../lib\libc99-pic30-elf.a(floatundisf.XX_o)
 .debug_aranges
                  0x000348         0x18 c:/program files/microchip/xc16/v2.00/bin/bin/../../lib\libc99-pic30-elf.a(fpack.XX_o)
 .debug_aranges
                  0x000360         0x18 c:/program files/microchip/xc16/v2.00/bin/bin/../../lib\libc99-pic30-elf.a(funpack2.XX_o)
 .debug_aranges
                  0x000378         0x18 c:/program files/microchip/xc16/v2.00/bin/bin/../../lib\libc99-pic30-elf.a(deqltle.XX_o)
 .debug_aranges
                  0x000390         0x18 c:/program files/microchip/xc16/v2.00/bin/bin/../../lib\libc99-pic30-elf.a(dgtge.XX_o)
 .debug_aranges
                  0x0003a8         0x18 c:/program files/microchip/xc16/v2.00/bin/bin/../../lib\libc99-pic30-elf.a(divsi3.XX_o)
 .debug_aranges
                  0x0003c0         0x18 c:/program files/microchip/xc16/v2.00/bin/bin/../../lib\libc99-pic30-elf.a(dne.XX_o)
 .debug_aranges
                  0x0003d8         0x18 c:/program files/microchip/xc16/v2.00/bin/bin/../../lib\libc99-pic30-elf.a(extendsfdf.XX_o)
 .debug_aranges
                  0x0003f0         0x18 c:/program files/microchip/xc16/v2.00/bin/bin/../../lib\libc99-pic30-elf.a(fixdfsi.XX_o)
 .debug_aranges
                  0x000408         0x18 c:/program files/microchip/xc16/v2.00/bin/bin/../../lib\libc99-pic30-elf.a(floatsidf.XX_o)
 .debug_aranges
                  0x000420         0x18 c:/program files/microchip/xc16/v2.00/bin/bin/../../lib\libc99-pic30-elf.a(floatunsidf.XX_o)
 .debug_aranges
                  0x000438         0x18 c:/program files/microchip/xc16/v2.00/bin/bin/../../lib\libc99-pic30-elf.a(truncdfsf.XX_o)
 .debug_aranges
                  0x000450         0x18 c:/program files/microchip/xc16/v2.00/bin/bin/../../lib\libc99-pic30-elf.a(udivsi3.XX_o)
 .debug_aranges
                  0x000468         0x18 c:/program files/microchip/xc16/v2.00/bin/bin/../../lib\libc99-pic30-elf.a(umodsi3.XX_o)
 .debug_aranges
                  0x000480         0x18 c:/program files/microchip/xc16/v2.00/bin/bin/../../lib\libc99-pic30-elf.a(mulsi3.XX_o)
 .debug_aranges
                  0x000498         0x18 c:/program files/microchip/xc16/v2.00/bin/bin/../../lib\libc99-pic30-elf.a(dpadd.XX_o)
 .debug_aranges
                  0x0004b0         0x18 c:/program files/microchip/xc16/v2.00/bin/bin/../../lib\libc99-pic30-elf.a(dpdiv.XX_o)
 .debug_aranges
                  0x0004c8         0x18 c:/program files/microchip/xc16/v2.00/bin/bin/../../lib\libc99-pic30-elf.a(dpmul.XX_o)
 .debug_aranges
                  0x0004e0         0x18 c:/program files/microchip/xc16/v2.00/bin/bin/../../lib\libc99-pic30-elf.a(dpsubs.XX_o)
 .debug_aranges
                  0x0004f8         0x18 c:/program files/microchip/xc16/v2.00/bin/bin/../../lib\libc99-pic30-elf.a(dcompare.XX_o)
 .debug_aranges
                  0x000510         0x18 c:/program files/microchip/xc16/v2.00/bin/bin/../../lib\libc99-pic30-elf.a(dtype.XX_o)
 .debug_aranges
                  0x000528         0x18 c:/program files/microchip/xc16/v2.00/bin/bin/../../lib\libc99-pic30-elf.a(dunpack.XX_o)
 .debug_aranges
                  0x000540         0x18 c:/program files/microchip/xc16/v2.00/bin/bin/../../lib\libc99-pic30-elf.a(dunpack2.XX_o)
 .debug_aranges
                  0x000558         0x18 c:/program files/microchip/xc16/v2.00/bin/bin/../../lib\libc99-pic30-elf.a(floatdidf.XX_o)
 .debug_aranges
                  0x000570         0x18 c:/program files/microchip/xc16/v2.00/bin/bin/../../lib\libc99-pic30-elf.a(floatundidf.XX_o)
 .debug_aranges
                  0x000588         0x18 c:/program files/microchip/xc16/v2.00/bin/bin/../../lib\libc99-pic30-elf.a(dpack.XX_o)
 .debug_aranges
                  0x0005a0         0x18 c:/program files/microchip/xc16/v2.00/bin/bin/../../lib\libc99-pic30-elf.a(dpropagateNaN.XX_o)
 .debug_aranges
                  0x0005b8         0x18 c:/program files/microchip/xc16/v2.00/bin/bin/../../lib\libc99-pic30-elf.a(umuldi3.XX_o)
                    0x0000                  WREG0 = 0x0
                    0x0000                  _WREG0 = 0x0
                    0x0002                  WREG1 = 0x2
                    0x0002                  _WREG1 = 0x2
                    0x0004                  WREG2 = 0x4
                    0x0004                  _WREG2 = 0x4
                    0x0006                  WREG3 = 0x6
                    0x0006                  _WREG3 = 0x6
                    0x0008                  WREG4 = 0x8
                    0x0008                  _WREG4 = 0x8
                    0x000a                  WREG5 = 0xa
                    0x000a                  _WREG5 = 0xa
                    0x000c                  WREG6 = 0xc
                    0x000c                  _WREG6 = 0xc
                    0x000e                  WREG7 = 0xe
                    0x000e                  _WREG7 = 0xe
                    0x0010                  WREG8 = 0x10
                    0x0010                  _WREG8 = 0x10
                    0x0012                  WREG9 = 0x12
                    0x0012                  _WREG9 = 0x12
                    0x0014                  WREG10 = 0x14
                    0x0014                  _WREG10 = 0x14
                    0x0016                  WREG11 = 0x16
                    0x0016                  _WREG11 = 0x16
                    0x0018                  WREG12 = 0x18
                    0x0018                  _WREG12 = 0x18
                    0x001a                  WREG13 = 0x1a
                    0x001a                  _WREG13 = 0x1a
                    0x001c                  WREG14 = 0x1c
                    0x001c                  _WREG14 = 0x1c
                    0x001e                  WREG15 = 0x1e
                    0x001e                  _WREG15 = 0x1e
                    0x0020                  SPLIM = 0x20
                    0x0020                  _SPLIM = 0x20
                    0x0022                  ACCAL = 0x22
                    0x0022                  _ACCAL = 0x22
                    0x0024                  ACCAH = 0x24
                    0x0024                  _ACCAH = 0x24
                    0x0026                  ACCAU = 0x26
                    0x0026                  _ACCAU = 0x26
                    0x0028                  ACCBL = 0x28
                    0x0028                  _ACCBL = 0x28
                    0x002a                  ACCBH = 0x2a
                    0x002a                  _ACCBH = 0x2a
                    0x002c                  ACCBU = 0x2c
                    0x002c                  _ACCBU = 0x2c
                    0x002e                  PCL = 0x2e
                    0x002e                  _PCL = 0x2e
                    0x0030                  PCH = 0x30
                    0x0030                  _PCH = 0x30
                    0x0032                  TBLPAG = 0x32
                    0x0032                  _TBLPAG = 0x32
                    0x0034                  PSVPAG = 0x34
                    0x0034                  _PSVPAG = 0x34
                    0x0036                  RCOUNT = 0x36
                    0x0036                  _RCOUNT = 0x36
                    0x0038                  DCOUNT = 0x38
                    0x0038                  _DCOUNT = 0x38
                    0x003a                  DOSTARTL = 0x3a
                    0x003a                  _DOSTARTL = 0x3a
                    0x003c                  DOSTARTH = 0x3c
                    0x003c                  _DOSTARTH = 0x3c
                    0x003e                  DOENDL = 0x3e
                    0x003e                  _DOENDL = 0x3e
                    0x0040                  DOENDH = 0x40
                    0x0040                  _DOENDH = 0x40
                    0x0042                  SR = 0x42
                    0x0042                  _SR = 0x42
                    0x0042                  _SRbits = 0x42
                    0x0044                  CORCON = 0x44
                    0x0044                  _CORCON = 0x44
                    0x0044                  _CORCONbits = 0x44
                    0x0046                  MODCON = 0x46
                    0x0046                  _MODCON = 0x46
                    0x0046                  _MODCONbits = 0x46
                    0x0048                  XMODSRT = 0x48
                    0x0048                  _XMODSRT = 0x48
                    0x004a                  XMODEND = 0x4a
                    0x004a                  _XMODEND = 0x4a
                    0x004c                  YMODSRT = 0x4c
                    0x004c                  _YMODSRT = 0x4c
                    0x004e                  YMODEND = 0x4e
                    0x004e                  _YMODEND = 0x4e
                    0x0050                  XBREV = 0x50
                    0x0050                  _XBREV = 0x50
                    0x0050                  _XBREVbits = 0x50
                    0x0052                  DISICNT = 0x52
                    0x0052                  _DISICNT = 0x52
                    0x0052                  _DISICNTbits = 0x52
                    0x0080                  INTCON1 = 0x80
                    0x0080                  _INTCON1 = 0x80
                    0x0080                  _INTCON1bits = 0x80
                    0x0082                  INTCON2 = 0x82
                    0x0082                  _INTCON2 = 0x82
                    0x0082                  _INTCON2bits = 0x82
                    0x0084                  IFS0 = 0x84
                    0x0084                  _IFS0 = 0x84
                    0x0084                  _IFS0bits = 0x84
                    0x0086                  IFS1 = 0x86
                    0x0086                  _IFS1 = 0x86
                    0x0086                  _IFS1bits = 0x86
                    0x0088                  IFS2 = 0x88
                    0x0088                  _IFS2 = 0x88
                    0x0088                  _IFS2bits = 0x88
                    0x008c                  IEC0 = 0x8c
                    0x008c                  _IEC0 = 0x8c
                    0x008c                  _IEC0bits = 0x8c
                    0x008e                  IEC1 = 0x8e
                    0x008e                  _IEC1 = 0x8e
                    0x008e                  _IEC1bits = 0x8e
                    0x0090                  IEC2 = 0x90
                    0x0090                  _IEC2 = 0x90
                    0x0090                  _IEC2bits = 0x90
                    0x0094                  IPC0 = 0x94
                    0x0094                  _IPC0 = 0x94
                    0x0094                  _IPC0bits = 0x94
                    0x0096                  IPC1 = 0x96
                    0x0096                  _IPC1 = 0x96
                    0x0096                  _IPC1bits = 0x96
                    0x0098                  IPC2 = 0x98
                    0x0098                  _IPC2 = 0x98
                    0x0098                  _IPC2bits = 0x98
                    0x009a                  IPC3 = 0x9a
                    0x009a                  _IPC3 = 0x9a
                    0x009a                  _IPC3bits = 0x9a
                    0x009c                  IPC4 = 0x9c
                    0x009c                  _IPC4 = 0x9c
                    0x009c                  _IPC4bits = 0x9c
                    0x009e                  IPC5 = 0x9e
                    0x009e                  _IPC5 = 0x9e
                    0x009e                  _IPC5bits = 0x9e
                    0x00a0                  IPC6 = 0xa0
                    0x00a0                  _IPC6 = 0xa0
                    0x00a0                  _IPC6bits = 0xa0
                    0x00a6                  IPC9 = 0xa6
                    0x00a6                  _IPC9 = 0xa6
                    0x00a6                  _IPC9bits = 0xa6
                    0x00a8                  IPC10 = 0xa8
                    0x00a8                  _IPC10 = 0xa8
                    0x00a8                  _IPC10bits = 0xa8
                    0x00b0                  INTTREG = 0xb0
                    0x00b0                  _INTTREG = 0xb0
                    0x00b0                  _INTTREGbits = 0xb0
                    0x00c0                  CNEN1 = 0xc0
                    0x00c0                  _CNEN1 = 0xc0
                    0x00c0                  _CNEN1bits = 0xc0
                    0x00c2                  CNEN2 = 0xc2
                    0x00c2                  _CNEN2 = 0xc2
                    0x00c2                  _CNEN2bits = 0xc2
                    0x00c4                  CNPU1 = 0xc4
                    0x00c4                  _CNPU1 = 0xc4
                    0x00c4                  _CNPU1bits = 0xc4
                    0x00c6                  CNPU2 = 0xc6
                    0x00c6                  _CNPU2 = 0xc6
                    0x00c6                  _CNPU2bits = 0xc6
                    0x0100                  TMR1 = 0x100
                    0x0100                  _TMR1 = 0x100
                    0x0102                  PR1 = 0x102
                    0x0102                  _PR1 = 0x102
                    0x0104                  T1CON = 0x104
                    0x0104                  _T1CON = 0x104
                    0x0104                  _T1CONbits = 0x104
                    0x0106                  TMR2 = 0x106
                    0x0106                  _TMR2 = 0x106
                    0x0108                  TMR3HLD = 0x108
                    0x0108                  _TMR3HLD = 0x108
                    0x010a                  TMR3 = 0x10a
                    0x010a                  _TMR3 = 0x10a
                    0x010c                  PR2 = 0x10c
                    0x010c                  _PR2 = 0x10c
                    0x010e                  PR3 = 0x10e
                    0x010e                  _PR3 = 0x10e
                    0x0110                  T2CON = 0x110
                    0x0110                  _T2CON = 0x110
                    0x0110                  _T2CONbits = 0x110
                    0x0112                  T3CON = 0x112
                    0x0112                  _T3CON = 0x112
                    0x0112                  _T3CONbits = 0x112
                    0x0114                  TMR4 = 0x114
                    0x0114                  _TMR4 = 0x114
                    0x0116                  TMR5HLD = 0x116
                    0x0116                  _TMR5HLD = 0x116
                    0x0118                  TMR5 = 0x118
                    0x0118                  _TMR5 = 0x118
                    0x011a                  PR4 = 0x11a
                    0x011a                  _PR4 = 0x11a
                    0x011c                  PR5 = 0x11c
                    0x011c                  _PR5 = 0x11c
                    0x011e                  T4CON = 0x11e
                    0x011e                  _T4CON = 0x11e
                    0x011e                  _T4CONbits = 0x11e
                    0x0120                  T5CON = 0x120
                    0x0120                  _T5CON = 0x120
                    0x0120                  _T5CONbits = 0x120
                    0x0122                  QEICON = 0x122
                    0x0122                  _QEICON = 0x122
                    0x0122                  _QEICONbits = 0x122
                    0x0124                  DFLTCON = 0x124
                    0x0124                  _DFLTCON = 0x124
                    0x0124                  _DFLTCONbits = 0x124
                    0x0126                  POSCNT = 0x126
                    0x0126                  _POSCNT = 0x126
                    0x0128                  MAXCNT = 0x128
                    0x0128                  _MAXCNT = 0x128
                    0x0140                  IC1BUF = 0x140
                    0x0140                  _IC1BUF = 0x140
                    0x0142                  IC1CON = 0x142
                    0x0142                  _IC1CON = 0x142
                    0x0142                  _IC1CONbits = 0x142
                    0x0144                  IC2BUF = 0x144
                    0x0144                  _IC2BUF = 0x144
                    0x0146                  IC2CON = 0x146
                    0x0146                  _IC2CON = 0x146
                    0x0146                  _IC2CONbits = 0x146
                    0x0158                  IC7BUF = 0x158
                    0x0158                  _IC7BUF = 0x158
                    0x015a                  IC7CON = 0x15a
                    0x015a                  _IC7CON = 0x15a
                    0x015a                  _IC7CONbits = 0x15a
                    0x015c                  IC8BUF = 0x15c
                    0x015c                  _IC8BUF = 0x15c
                    0x015e                  IC8CON = 0x15e
                    0x015e                  _IC8CON = 0x15e
                    0x015e                  _IC8CONbits = 0x15e
                    0x0180                  OC1RS = 0x180
                    0x0180                  _OC1RS = 0x180
                    0x0182                  OC1R = 0x182
                    0x0182                  _OC1R = 0x182
                    0x0184                  OC1CON = 0x184
                    0x0184                  _OC1CON = 0x184
                    0x0184                  _OC1CONbits = 0x184
                    0x0186                  OC2RS = 0x186
                    0x0186                  _OC2RS = 0x186
                    0x0188                  OC2R = 0x188
                    0x0188                  _OC2R = 0x188
                    0x018a                  OC2CON = 0x18a
                    0x018a                  _OC2CON = 0x18a
                    0x018a                  _OC2CONbits = 0x18a
                    0x018c                  OC3RS = 0x18c
                    0x018c                  _OC3RS = 0x18c
                    0x018e                  OC3R = 0x18e
                    0x018e                  _OC3R = 0x18e
                    0x0190                  OC3CON = 0x190
                    0x0190                  _OC3CON = 0x190
                    0x0190                  _OC3CONbits = 0x190
                    0x0192                  OC4RS = 0x192
                    0x0192                  _OC4RS = 0x192